Archive member included to satisfy reference by file (symbol)

e:/gnu/10 2021.10/bin/../lib/gcc/arm-none-eabi/10.3.1/thumb/v7e-m+fp/hard\libgcc.a(_arm_muldf3.o)
                              CMakeFiles/car_v2.elf.dir/Core/Src/WIT_private_protocol.c.obj (__aeabi_dmul)
e:/gnu/10 2021.10/bin/../lib/gcc/arm-none-eabi/10.3.1/thumb/v7e-m+fp/hard\libgcc.a(_arm_addsubdf3.o)
                              CMakeFiles/car_v2.elf.dir/Core/Src/WIT_private_protocol.c.obj (__aeabi_i2d)
e:/gnu/10 2021.10/bin/../lib/gcc/arm-none-eabi/10.3.1/thumb/v7e-m+fp/hard\libgcc.a(_arm_truncdfsf2.o)
                              CMakeFiles/car_v2.elf.dir/Core/Src/WIT_private_protocol.c.obj (__aeabi_d2f)
e:/gnu/10 2021.10/bin/../lib/gcc/arm-none-eabi/10.3.1/thumb/v7e-m+fp/hard\libgcc.a(_aeabi_uldivmod.o)
                              CMakeFiles/car_v2.elf.dir/Drivers/STM32F4xx_HAL_Driver/Src/stm32f4xx_hal_rcc.c.obj (__aeabi_uldivmod)
e:/gnu/10 2021.10/bin/../lib/gcc/arm-none-eabi/10.3.1/thumb/v7e-m+fp/hard\libgcc.a(_udivmoddi4.o)
                              e:/gnu/10 2021.10/bin/../lib/gcc/arm-none-eabi/10.3.1/thumb/v7e-m+fp/hard\libgcc.a(_aeabi_uldivmod.o) (__udivmoddi4)
e:/gnu/10 2021.10/bin/../lib/gcc/arm-none-eabi/10.3.1/thumb/v7e-m+fp/hard\libgcc.a(_dvmd_tls.o)
                              e:/gnu/10 2021.10/bin/../lib/gcc/arm-none-eabi/10.3.1/thumb/v7e-m+fp/hard\libgcc.a(_aeabi_uldivmod.o) (__aeabi_ldiv0)
e:/gnu/10 2021.10/bin/../lib/gcc/arm-none-eabi/10.3.1/../../../../arm-none-eabi/lib/thumb/v7e-m+fp/hard\libg.a(lib_a-errno.o)
                              CMakeFiles/car_v2.elf.dir/Core/Src/syscalls.c.obj (__errno)
e:/gnu/10 2021.10/bin/../lib/gcc/arm-none-eabi/10.3.1/../../../../arm-none-eabi/lib/thumb/v7e-m+fp/hard\libg.a(lib_a-exit.o)
                              e:/gnu/10 2021.10/bin/../lib/gcc/arm-none-eabi/10.3.1/../../../../arm-none-eabi/lib/thumb/v7e-m+fp/hard/crt0.o (exit)
e:/gnu/10 2021.10/bin/../lib/gcc/arm-none-eabi/10.3.1/../../../../arm-none-eabi/lib/thumb/v7e-m+fp/hard\libg.a(lib_a-impure.o)
                              e:/gnu/10 2021.10/bin/../lib/gcc/arm-none-eabi/10.3.1/../../../../arm-none-eabi/lib/thumb/v7e-m+fp/hard\libg.a(lib_a-exit.o) (_global_impure_ptr)
e:/gnu/10 2021.10/bin/../lib/gcc/arm-none-eabi/10.3.1/../../../../arm-none-eabi/lib/thumb/v7e-m+fp/hard\libg.a(lib_a-init.o)
                              e:/gnu/10 2021.10/bin/../lib/gcc/arm-none-eabi/10.3.1/../../../../arm-none-eabi/lib/thumb/v7e-m+fp/hard/crt0.o (__libc_init_array)
e:/gnu/10 2021.10/bin/../lib/gcc/arm-none-eabi/10.3.1/../../../../arm-none-eabi/lib/thumb/v7e-m+fp/hard\libg.a(lib_a-memcpy.o)
                              CMakeFiles/car_v2.elf.dir/Middlewares/Third_Party/FreeRTOS/Source/queue.c.obj (memcpy)
e:/gnu/10 2021.10/bin/../lib/gcc/arm-none-eabi/10.3.1/../../../../arm-none-eabi/lib/thumb/v7e-m+fp/hard\libg.a(lib_a-memset.o)
                              e:/gnu/10 2021.10/bin/../lib/gcc/arm-none-eabi/10.3.1/../../../../arm-none-eabi/lib/thumb/v7e-m+fp/hard/crt0.o (memset)
e:/gnu/10 2021.10/bin/../lib/gcc/arm-none-eabi/10.3.1/../../../../arm-none-eabi/lib/thumb/v7e-m+fp/hard\libg.a(lib_a-strlen.o)
                              CMakeFiles/car_v2.elf.dir/Core/Src/usart_safe.c.obj (strlen)
e:/gnu/10 2021.10/bin/../lib/gcc/arm-none-eabi/10.3.1/../../../../arm-none-eabi/lib/thumb/v7e-m+fp/hard\libg.a(lib_a-vsprintf.o)
                              CMakeFiles/car_v2.elf.dir/Core/Src/usart_safe.c.obj (vsprintf)
e:/gnu/10 2021.10/bin/../lib/gcc/arm-none-eabi/10.3.1/../../../../arm-none-eabi/lib/thumb/v7e-m+fp/hard\libg.a(lib_a-__call_atexit.o)
                              e:/gnu/10 2021.10/bin/../lib/gcc/arm-none-eabi/10.3.1/../../../../arm-none-eabi/lib/thumb/v7e-m+fp/hard\libg.a(lib_a-exit.o) (__call_exitprocs)
e:/gnu/10 2021.10/bin/../lib/gcc/arm-none-eabi/10.3.1/../../../../arm-none-eabi/lib/thumb/v7e-m+fp/hard\libg.a(lib_a-atexit.o)
                              e:/gnu/10 2021.10/bin/../lib/gcc/arm-none-eabi/10.3.1/../../../../arm-none-eabi/lib/thumb/v7e-m+fp/hard\libg.a(lib_a-__call_atexit.o) (atexit)
e:/gnu/10 2021.10/bin/../lib/gcc/arm-none-eabi/10.3.1/../../../../arm-none-eabi/lib/thumb/v7e-m+fp/hard\libg.a(lib_a-fini.o)
                              e:/gnu/10 2021.10/bin/../lib/gcc/arm-none-eabi/10.3.1/../../../../arm-none-eabi/lib/thumb/v7e-m+fp/hard\libg.a(lib_a-__call_atexit.o) (__libc_fini_array)
e:/gnu/10 2021.10/bin/../lib/gcc/arm-none-eabi/10.3.1/../../../../arm-none-eabi/lib/thumb/v7e-m+fp/hard\libg.a(lib_a-lock.o)
                              e:/gnu/10 2021.10/bin/../lib/gcc/arm-none-eabi/10.3.1/../../../../arm-none-eabi/lib/thumb/v7e-m+fp/hard\libg.a(lib_a-__call_atexit.o) (__retarget_lock_acquire_recursive)
e:/gnu/10 2021.10/bin/../lib/gcc/arm-none-eabi/10.3.1/../../../../arm-none-eabi/lib/thumb/v7e-m+fp/hard\libg.a(lib_a-svfprintf.o)
                              e:/gnu/10 2021.10/bin/../lib/gcc/arm-none-eabi/10.3.1/../../../../arm-none-eabi/lib/thumb/v7e-m+fp/hard\libg.a(lib_a-vsprintf.o) (_svfprintf_r)
[...]
Memory Configuration

Name             Origin             Length             Attributes
RAM              0x20000000         0x00020000         xrw
CCMRAM           0x10000000         0x00010000         xrw
FLASH            0x08000000         0x00080000         xr
*default*        0x00000000         0xffffffff

Linker script and memory map

LOAD e:/gnu/10 2021.10/bin/../lib/gcc/arm-none-eabi/10.3.1/thumb/v7e-m+fp/hard/crti.o
LOAD e:/gnu/10 2021.10/bin/../lib/gcc/arm-none-eabi/10.3.1/thumb/v7e-m+fp/hard/crtbegin.o
LOAD e:/gnu/10 2021.10/bin/../lib/gcc/arm-none-eabi/10.3.1/../../../../arm-none-eabi/lib/thumb/v7e-m+fp/hard/crt0.o
LOAD CMakeFiles/car_v2.elf.dir/Core/Src/WIT_private_protocol.c.obj
LOAD CMakeFiles/car_v2.elf.dir/Core/Src/encoder.c.obj
LOAD CMakeFiles/car_v2.elf.dir/Core/Src/freertos.c.obj
LOAD CMakeFiles/car_v2.elf.dir/Core/Src/gpio.c.obj
LOAD CMakeFiles/car_v2.elf.dir/Core/Src/main.c.obj
LOAD CMakeFiles/car_v2.elf.dir/Core/Src/sensor.c.obj
LOAD CMakeFiles/car_v2.elf.dir/Core/Src/stm32f4xx_hal_msp.c.obj
LOAD CMakeFiles/car_v2.elf.dir/Core/Src/stm32f4xx_hal_timebase_tim.c.obj
LOAD CMakeFiles/car_v2.elf.dir/Core/Src/stm32f4xx_it.c.obj
LOAD CMakeFiles/car_v2.elf.dir/Core/Src/syscalls.c.obj
LOAD CMakeFiles/car_v2.elf.dir/Core/Src/system_stm32f4xx.c.obj
LOAD CMakeFiles/car_v2.elf.dir/Core/Src/tim.c.obj
LOAD CMakeFiles/car_v2.elf.dir/Core/Src/usart.c.obj
LOAD CMakeFiles/car_v2.elf.dir/Core/Src/usart_safe.c.obj
LOAD CMakeFiles/car_v2.elf.dir/Drivers/STM32F4xx_HAL_Driver/Src/stm32f4xx_hal.c.obj
LOAD CMakeFiles/car_v2.elf.dir/Drivers/STM32F4xx_HAL_Driver/Src/stm32f4xx_hal_cortex.c.obj
LOAD CMakeFiles/car_v2.elf.dir/Drivers/STM32F4xx_HAL_Driver/Src/stm32f4xx_hal_dma.c.obj
LOAD CMakeFiles/car_v2.elf.dir/Drivers/STM32F4xx_HAL_Driver/Src/stm32f4xx_hal_dma_ex.c.obj
LOAD CMakeFiles/car_v2.elf.dir/Drivers/STM32F4xx_HAL_Driver/Src/stm32f4xx_hal_exti.c.obj
LOAD CMakeFiles/car_v2.elf.dir/Drivers/STM32F4xx_HAL_Driver/Src/stm32f4xx_hal_flash.c.obj
LOAD CMakeFiles/car_v2.elf.dir/Drivers/STM32F4xx_HAL_Driver/Src/stm32f4xx_hal_flash_ex.c.obj
LOAD CMakeFiles/car_v2.elf.dir/Drivers/STM32F4xx_HAL_Driver/Src/stm32f4xx_hal_flash_ramfunc.c.obj
LOAD CMakeFiles/car_v2.elf.dir/Drivers/STM32F4xx_HAL_Driver/Src/stm32f4xx_hal_gpio.c.obj
LOAD CMakeFiles/car_v2.elf.dir/Drivers/STM32F4xx_HAL_Driver/Src/stm32f4xx_hal_pwr.c.obj
LOAD CMakeFiles/car_v2.elf.dir/Drivers/STM32F4xx_HAL_Driver/Src/stm32f4xx_hal_pwr_ex.c.obj
LOAD CMakeFiles/car_v2.elf.dir/Drivers/STM32F4xx_HAL_Driver/Src/stm32f4xx_hal_rcc.c.obj
LOAD CMakeFiles/car_v2.elf.dir/Drivers/STM32F4xx_HAL_Driver/Src/stm32f4xx_hal_rcc_ex.c.obj
LOAD CMakeFiles/car_v2.elf.dir/Drivers/STM32F4xx_HAL_Driver/Src/stm32f4xx_hal_tim.c.obj
LOAD CMakeFiles/car_v2.elf.dir/Drivers/STM32F4xx_HAL_Driver/Src/stm32f4xx_hal_tim_ex.c.obj
LOAD CMakeFiles/car_v2.elf.dir/Drivers/STM32F4xx_HAL_Driver/Src/stm32f4xx_hal_uart.c.obj
LOAD CMakeFiles/car_v2.elf.dir/Middlewares/Third_Party/FreeRTOS/Source/CMSIS_RTOS/cmsis_os.c.obj
LOAD CMakeFiles/car_v2.elf.dir/Middlewares/Third_Party/FreeRTOS/Source/croutine.c.obj
LOAD CMakeFiles/car_v2.elf.dir/Middlewares/Third_Party/FreeRTOS/Source/event_groups.c.obj
LOAD CMakeFiles/car_v2.elf.dir/Middlewares/Third_Party/FreeRTOS/Source/list.c.obj
LOAD CMakeFiles/car_v2.elf.dir/Middlewares/Third_Party/FreeRTOS/Source/portable/GCC/ARM_CM4F/port.c.obj
LOAD CMakeFiles/car_v2.elf.dir/Middlewares/Third_Party/FreeRTOS/Source/portable/MemMang/heap_4.c.obj
LOAD CMakeFiles/car_v2.elf.dir/Middlewares/Third_Party/FreeRTOS/Source/queue.c.obj
LOAD CMakeFiles/car_v2.elf.dir/Middlewares/Third_Party/FreeRTOS/Source/stream_buffer.c.obj
LOAD CMakeFiles/car_v2.elf.dir/Middlewares/Third_Party/FreeRTOS/Source/tasks.c.obj
LOAD CMakeFiles/car_v2.elf.dir/Middlewares/Third_Party/FreeRTOS/Source/timers.c.obj
LOAD CMakeFiles/car_v2.elf.dir/startup/startup_stm32f407xx.s.obj
START GROUP
LOAD e:/gnu/10 2021.10/bin/../lib/gcc/arm-none-eabi/10.3.1/thumb/v7e-m+fp/hard\libgcc.a
LOAD e:/gnu/10 2021.10/bin/../lib/gcc/arm-none-eabi/10.3.1/../../../../arm-none-eabi/lib/thumb/v7e-m+fp/hard\libg.a
LOAD e:/gnu/10 2021.10/bin/../lib/gcc/arm-none-eabi/10.3.1/../../../../arm-none-eabi/lib/thumb/v7e-m+fp/hard\libc.a
END GROUP
LOAD e:/gnu/10 2021.10/bin/../lib/gcc/arm-none-eabi/10.3.1/thumb/v7e-m+fp/hard/crtend.o
LOAD e:/gnu/10 2021.10/bin/../lib/gcc/arm-none-eabi/10.3.1/thumb/v7e-m+fp/hard/crtn.o
                0x20020000                _estack = 0x20020000
                0x00000200                _Min_Heap_Size = 0x200
                0x00000400                _Min_Stack_Size = 0x400

.isr_vector     0x08000000      0x188
                0x08000000                . = ALIGN (0x4)
 *(.isr_vector)
 .isr_vector    0x08000000      0x188 CMakeFiles/car_v2.elf.dir/startup/startup_stm32f407xx.s.obj
                0x08000000                g_pfnVectors
                0x08000188                . = ALIGN (0x4)

.text           0x080001c0     0xa44c
                0x080001c0                . = ALIGN (0x4)
 *(.text)
 .text          0x080001c0       0x40 e:/gnu/10 2021.10/bin/../lib/gcc/arm-none-eabi/10.3.1/thumb/v7e-m+fp/hard/crtbegin.o
 .text          0x08000200      0x378 e:/gnu/10 2021.10/bin/../lib/gcc/arm-none-eabi/10.3.1/thumb/v7e-m+fp/hard\libgcc.a(_arm_addsubdf3.o)
                0x08000200                __aeabi_drsub
                0x08000208                __aeabi_dsub
                0x08000208                __subdf3
                0x0800020c                __aeabi_dadd
                0x0800020c                __adddf3
                0x08000484                __floatunsidf
                0x08000484                __aeabi_ui2d
                0x080004a4                __floatsidf
                0x080004a4                __aeabi_i2d
                0x080004c8                __aeabi_f2d
                0x080004c8                __extendsfdf2
                0x0800050c                __floatundidf
                0x0800050c                __aeabi_ul2d
                0x0800051c                __floatdidf
                0x0800051c                __aeabi_l2d
 .text          0x08000578       0xa0 e:/gnu/10 2021.10/bin/../lib/gcc/arm-none-eabi/10.3.1/thumb/v7e-m+fp/hard\libgcc.a(_arm_truncdfsf2.o)
                0x08000578                __truncdfsf2
                0x08000578                __aeabi_d2f
 .text          0x08000618       0x30 e:/gnu/10 2021.10/bin/../lib/gcc/arm-none-eabi/10.3.1/thumb/v7e-m+fp/hard\libgcc.a(_aeabi_uldivmod.o)
                0x08000618                __aeabi_uldivmod
 .text          0x08000648      0x2d0 e:/gnu/10 2021.10/bin/../lib/gcc/arm-none-eabi/10.3.1/thumb/v7e-m+fp/hard\libgcc.a(_udivmoddi4.o)
                0x08000648                __udivmoddi4
 .text          0x08000918        0x4 e:/gnu/10 2021.10/bin/../lib/gcc/arm-none-eabi/10.3.1/thumb/v7e-m+fp/hard\libgcc.a(_dvmd_tls.o)
                0x08000918                __aeabi_idiv0
                0x08000918                __aeabi_ldiv0
 .text          0x0800091c      0x134 e:/gnu/10 2021.10/bin/../lib/gcc/arm-none-eabi/10.3.1/../../../../arm-none-eabi/lib/thumb/v7e-m+fp/hard\libg.a(lib_a-memcpy.o)
                0x0800091c                memcpy
 *fill*         0x08000a50       0x30 
 .text          0x08000a80       0xdc e:/gnu/10 2021.10/bin/../lib/gcc/arm-none-eabi/10.3.1/../../../../arm-none-eabi/lib/thumb/v7e-m+fp/hard\libg.a(lib_a-strlen.o)
                0x08000a80                strlen
 *fill*         0x08000b5c        0x4 
 .text          0x08000b60       0xa0 e:/gnu/10 2021.10/bin/../lib/gcc/arm-none-eabi/10.3.1/../../../../arm-none-eabi/lib/thumb/v7e-m+fp/hard\libg.a(lib_a-memchr.o)
                0x08000b60                memchr
 .text          0x08000c00      0x424 e:/gnu/10 2021.10/bin/../lib/gcc/arm-none-eabi/10.3.1/thumb/v7e-m+fp/hard\libgcc.a(_arm_muldivdf3.o)
                0x08000c00                __aeabi_dmul
                0x08000c00                __muldf3
                0x08000e54                __divdf3
                0x08000e54                __aeabi_ddiv
 .text          0x08001024      0x110 e:/gnu/10 2021.10/bin/../lib/gcc/arm-none-eabi/10.3.1/thumb/v7e-m+fp/hard\libgcc.a(_arm_cmpdf2.o)
                0x08001024                __gtdf2
                0x08001024                __gedf2
                0x0800102c                __ltdf2
                0x0800102c                __ledf2
                0x08001034                __nedf2
                0x08001034                __eqdf2
                0x08001034                __cmpdf2
                0x080010b0                __aeabi_cdrcmple
                0x080010c0                __aeabi_cdcmpeq
                0x080010c0                __aeabi_cdcmple
                0x080010d0                __aeabi_dcmpeq
                0x080010e4                __aeabi_dcmplt
                0x080010f8                __aeabi_dcmple
                0x0800110c                __aeabi_dcmpge
                0x08001120                __aeabi_dcmpgt
 .text          0x08001134       0x2c e:/gnu/10 2021.10/bin/../lib/gcc/arm-none-eabi/10.3.1/thumb/v7e-m+fp/hard\libgcc.a(_arm_unorddf2.o)
                0x08001134                __unorddf2
                0x08001134                __aeabi_dcmpun
 .text          0x08001160       0x50 e:/gnu/10 2021.10/bin/../lib/gcc/arm-none-eabi/10.3.1/thumb/v7e-m+fp/hard\libgcc.a(_arm_fixdfsi.o)
                0x08001160                __aeabi_d2iz
                0x08001160                __fixdfsi
 *(.text*)
 .text.WIT_reset_sensor
                0x080011b0       0x16 CMakeFiles/car_v2.elf.dir/Core/Src/WIT_private_protocol.c.obj
                0x080011b0                WIT_reset_sensor
 *fill*         0x080011c6        0x2 
 .text.WIT_init
                0x080011c8       0x78 CMakeFiles/car_v2.elf.dir/Core/Src/WIT_private_protocol.c.obj
                0x080011c8                WIT_init
 .text.WIT_check_sum
                0x08001240       0x70 CMakeFiles/car_v2.elf.dir/Core/Src/WIT_private_protocol.c.obj
                0x08001240                WIT_check_sum
 .text.WIT_analysis_data
                0x080012b0      0x240 CMakeFiles/car_v2.elf.dir/Core/Src/WIT_private_protocol.c.obj
                0x080012b0                WIT_analysis_data
 .text.encoder_reset
                0x080014f0       0x12 CMakeFiles/car_v2.elf.dir/Core/Src/encoder.c.obj
                0x080014f0                encoder_reset
 *fill*         0x08001502        0x2 
 .text.encoder_init
                0x08001504       0x2c CMakeFiles/car_v2.elf.dir/Core/Src/encoder.c.obj
                0x08001504                encoder_init
 .text.encoder_update
                0x08001530       0x42 CMakeFiles/car_v2.elf.dir/Core/Src/encoder.c.obj
                0x08001530                encoder_update
 *fill*         0x08001572        0x2 
 .text.start_encoder_debug
                0x08001574       0x38 CMakeFiles/car_v2.elf.dir/Core/Src/encoder.c.obj
                0x08001574                start_encoder_debug
 .text.StartDefaultTask
                0x080015ac        0xa CMakeFiles/car_v2.elf.dir/Core/Src/freertos.c.obj
                0x080015ac                StartDefaultTask
 *fill*         0x080015b6        0x2 
 .text.vApplicationGetIdleTaskMemory
                0x080015b8       0x18 CMakeFiles/car_v2.elf.dir/Core/Src/freertos.c.obj
                0x080015b8                vApplicationGetIdleTaskMemory
 .text.MX_FREERTOS_Init
                0x080015d0       0x5c CMakeFiles/car_v2.elf.dir/Core/Src/freertos.c.obj
                0x080015d0                MX_FREERTOS_Init
 .text.MX_GPIO_Init
                0x0800162c       0xc8 CMakeFiles/car_v2.elf.dir/Core/Src/gpio.c.obj
                0x0800162c                MX_GPIO_Init
 .text.HAL_TIM_PeriodElapsedCallback
                0x080016f4       0x18 CMakeFiles/car_v2.elf.dir/Core/Src/main.c.obj
                0x080016f4                HAL_TIM_PeriodElapsedCallback
 .text.Error_Handler
                0x0800170c        0x4 CMakeFiles/car_v2.elf.dir/Core/Src/main.c.obj
                0x0800170c                Error_Handler
 .text.SystemClock_Config
                0x08001710       0xac CMakeFiles/car_v2.elf.dir/Core/Src/main.c.obj
                0x08001710                SystemClock_Config
 .text.main     0x080017bc       0x80 CMakeFiles/car_v2.elf.dir/Core/Src/main.c.obj
                0x080017bc                main
 .text.all_sensor_init
                0x0800183c       0x30 CMakeFiles/car_v2.elf.dir/Core/Src/sensor.c.obj
                0x0800183c                all_sensor_init
 .text.HAL_MspInit
                0x0800186c       0x44 CMakeFiles/car_v2.elf.dir/Core/Src/stm32f4xx_hal_msp.c.obj
                0x0800186c                HAL_MspInit
 .text.HAL_InitTick
                0x080018b0       0x7c CMakeFiles/car_v2.elf.dir/Core/Src/stm32f4xx_hal_timebase_tim.c.obj
                0x080018b0                HAL_InitTick
 .text.NMI_Handler
                0x0800192c        0x2 CMakeFiles/car_v2.elf.dir/Core/Src/stm32f4xx_it.c.obj
                0x0800192c                NMI_Handler
 .text.HardFault_Handler
                0x0800192e        0x2 CMakeFiles/car_v2.elf.dir/Core/Src/stm32f4xx_it.c.obj
                0x0800192e                HardFault_Handler
 .text.MemManage_Handler
                0x08001930        0x2 CMakeFiles/car_v2.elf.dir/Core/Src/stm32f4xx_it.c.obj
                0x08001930                MemManage_Handler
 .text.BusFault_Handler
                0x08001932        0x2 CMakeFiles/car_v2.elf.dir/Core/Src/stm32f4xx_it.c.obj
                0x08001932                BusFault_Handler
 .text.UsageFault_Handler
                0x08001934        0x2 CMakeFiles/car_v2.elf.dir/Core/Src/stm32f4xx_it.c.obj
                0x08001934                UsageFault_Handler
 .text.DebugMon_Handler
                0x08001936        0x2 CMakeFiles/car_v2.elf.dir/Core/Src/stm32f4xx_it.c.obj
                0x08001936                DebugMon_Handler
 .text.TIM1_UP_TIM10_IRQHandler
                0x08001938       0x18 CMakeFiles/car_v2.elf.dir/Core/Src/stm32f4xx_it.c.obj
                0x08001938                TIM1_UP_TIM10_IRQHandler
 .text.USART1_IRQHandler
                0x08001950       0x10 CMakeFiles/car_v2.elf.dir/Core/Src/stm32f4xx_it.c.obj
                0x08001950                USART1_IRQHandler
 .text.USART2_IRQHandler
                0x08001960       0x10 CMakeFiles/car_v2.elf.dir/Core/Src/stm32f4xx_it.c.obj
                0x08001960                USART2_IRQHandler
 .text._getpid  0x08001970        0x4 CMakeFiles/car_v2.elf.dir/Core/Src/syscalls.c.obj
                0x08001970                _getpid
 .text._kill    0x08001974       0x10 CMakeFiles/car_v2.elf.dir/Core/Src/syscalls.c.obj
                0x08001974                _kill
 .text._exit    0x08001984        0xc CMakeFiles/car_v2.elf.dir/Core/Src/syscalls.c.obj
                0x08001984                _exit
 .text._read    0x08001990       0x20 CMakeFiles/car_v2.elf.dir/Core/Src/syscalls.c.obj
                0x08001990                _read
 .text._write   0x080019b0       0x1c CMakeFiles/car_v2.elf.dir/Core/Src/syscalls.c.obj
                0x080019b0                _write
 .text._sbrk    0x080019cc       0x3c CMakeFiles/car_v2.elf.dir/Core/Src/syscalls.c.obj
                0x080019cc                _sbrk
 .text._close   0x08001a08        0x6 CMakeFiles/car_v2.elf.dir/Core/Src/syscalls.c.obj
                0x08001a08                _close
 .text._fstat   0x08001a0e        0xa CMakeFiles/car_v2.elf.dir/Core/Src/syscalls.c.obj
                0x08001a0e                _fstat
 .text._isatty  0x08001a18        0x4 CMakeFiles/car_v2.elf.dir/Core/Src/syscalls.c.obj
                0x08001a18                _isatty
 .text._lseek   0x08001a1c        0x4 CMakeFiles/car_v2.elf.dir/Core/Src/syscalls.c.obj
                0x08001a1c                _lseek
 .text.SystemInit
                0x08001a20       0x1c CMakeFiles/car_v2.elf.dir/Core/Src/system_stm32f4xx.c.obj
                0x08001a20                SystemInit
 .text.MX_TIM3_Init
                0x08001a3c       0x64 CMakeFiles/car_v2.elf.dir/Core/Src/tim.c.obj
                0x08001a3c                MX_TIM3_Init
 .text.MX_TIM4_Init
                0x08001aa0       0x64 CMakeFiles/car_v2.elf.dir/Core/Src/tim.c.obj
                0x08001aa0                MX_TIM4_Init
 .text.HAL_TIM_Encoder_MspInit
                0x08001b04       0xb8 CMakeFiles/car_v2.elf.dir/Core/Src/tim.c.obj
                0x08001b04                HAL_TIM_Encoder_MspInit
 .text.HAL_TIM_Base_MspInit
                0x08001bbc       0x68 CMakeFiles/car_v2.elf.dir/Core/Src/tim.c.obj
                0x08001bbc                HAL_TIM_Base_MspInit
 .text.HAL_TIM_MspPostInit
                0x08001c24       0x98 CMakeFiles/car_v2.elf.dir/Core/Src/tim.c.obj
                0x08001c24                HAL_TIM_MspPostInit
 .text.MX_TIM10_Init
                0x08001cbc       0x74 CMakeFiles/car_v2.elf.dir/Core/Src/tim.c.obj
                0x08001cbc                MX_TIM10_Init
 .text.MX_TIM11_Init
                0x08001d30       0x74 CMakeFiles/car_v2.elf.dir/Core/Src/tim.c.obj
                0x08001d30                MX_TIM11_Init
 .text.MX_USART1_UART_Init
                0x08001da4       0x34 CMakeFiles/car_v2.elf.dir/Core/Src/usart.c.obj
                0x08001da4                MX_USART1_UART_Init
 .text.MX_USART2_UART_Init
                0x08001dd8       0x34 CMakeFiles/car_v2.elf.dir/Core/Src/usart.c.obj
                0x08001dd8                MX_USART2_UART_Init
 .text.HAL_UART_MspInit
                0x08001e0c       0xe0 CMakeFiles/car_v2.elf.dir/Core/Src/usart.c.obj
                0x08001e0c                HAL_UART_MspInit
 .text.HAL_UART_RxCpltCallback
                0x08001eec       0x9c CMakeFiles/car_v2.elf.dir/Core/Src/usart.c.obj
                0x08001eec                HAL_UART_RxCpltCallback
 .text.inHandlerMode
                0x08001f88        0x6 CMakeFiles/car_v2.elf.dir/Core/Src/usart_safe.c.obj
 *fill*         0x08001f8e        0x2 
 .text.print_USARTx
                0x08001f90       0x8c CMakeFiles/car_v2.elf.dir/Core/Src/usart_safe.c.obj
                0x08001f90                print_USARTx
 .text.HAL_Init
                0x0800201c       0x34 CMakeFiles/car_v2.elf.dir/Drivers/STM32F4xx_HAL_Driver/Src/stm32f4xx_hal.c.obj
                0x0800201c                HAL_Init
 .text.HAL_IncTick
                0x08002050       0x18 CMakeFiles/car_v2.elf.dir/Drivers/STM32F4xx_HAL_Driver/Src/stm32f4xx_hal.c.obj
                0x08002050                HAL_IncTick
 .text.HAL_GetTick
                0x08002068        0xc CMakeFiles/car_v2.elf.dir/Drivers/STM32F4xx_HAL_Driver/Src/stm32f4xx_hal.c.obj
                0x08002068                HAL_GetTick
 .text.HAL_Delay
                0x08002074       0x28 CMakeFiles/car_v2.elf.dir/Drivers/STM32F4xx_HAL_Driver/Src/stm32f4xx_hal.c.obj
                0x08002074                HAL_Delay
 .text.HAL_NVIC_SetPriorityGrouping
                0x0800209c       0x24 CMakeFiles/car_v2.elf.dir/Drivers/STM32F4xx_HAL_Driver/Src/stm32f4xx_hal_cortex.c.obj
                0x0800209c                HAL_NVIC_SetPriorityGrouping
 .text.HAL_NVIC_SetPriority
                0x080020c0       0x70 CMakeFiles/car_v2.elf.dir/Drivers/STM32F4xx_HAL_Driver/Src/stm32f4xx_hal_cortex.c.obj
                0x080020c0                HAL_NVIC_SetPriority
 .text.HAL_NVIC_EnableIRQ
                0x08002130       0x1c CMakeFiles/car_v2.elf.dir/Drivers/STM32F4xx_HAL_Driver/Src/stm32f4xx_hal_cortex.c.obj
                0x08002130                HAL_NVIC_EnableIRQ
 .text.HAL_NVIC_DisableIRQ
                0x0800214c       0x24 CMakeFiles/car_v2.elf.dir/Drivers/STM32F4xx_HAL_Driver/Src/stm32f4xx_hal_cortex.c.obj
                0x0800214c                HAL_NVIC_DisableIRQ
 .text.HAL_DMA_Abort_IT
                0x08002170       0x26 CMakeFiles/car_v2.elf.dir/Drivers/STM32F4xx_HAL_Driver/Src/stm32f4xx_hal_dma.c.obj
                0x08002170                HAL_DMA_Abort_IT
 *fill*         0x08002196        0x2 
 .text.HAL_GPIO_Init
                0x08002198      0x1d0 CMakeFiles/car_v2.elf.dir/Drivers/STM32F4xx_HAL_Driver/Src/stm32f4xx_hal_gpio.c.obj
                0x08002198                HAL_GPIO_Init
 .text.HAL_GPIO_WritePin
                0x08002368        0xc CMakeFiles/car_v2.elf.dir/Drivers/STM32F4xx_HAL_Driver/Src/stm32f4xx_hal_gpio.c.obj
                0x08002368                HAL_GPIO_WritePin
 .text.HAL_RCC_OscConfig
                0x08002374      0x3ec CMakeFiles/car_v2.elf.dir/Drivers/STM32F4xx_HAL_Driver/Src/stm32f4xx_hal_rcc.c.obj
                0x08002374                HAL_RCC_OscConfig
 .text.HAL_RCC_GetSysClockFreq
                0x08002760       0xd4 CMakeFiles/car_v2.elf.dir/Drivers/STM32F4xx_HAL_Driver/Src/stm32f4xx_hal_rcc.c.obj
                0x08002760                HAL_RCC_GetSysClockFreq
 .text.HAL_RCC_ClockConfig
                0x08002834      0x160 CMakeFiles/car_v2.elf.dir/Drivers/STM32F4xx_HAL_Driver/Src/stm32f4xx_hal_rcc.c.obj
                0x08002834                HAL_RCC_ClockConfig
 .text.HAL_RCC_GetHCLKFreq
                0x08002994        0xc CMakeFiles/car_v2.elf.dir/Drivers/STM32F4xx_HAL_Driver/Src/stm32f4xx_hal_rcc.c.obj
                0x08002994                HAL_RCC_GetHCLKFreq
 .text.HAL_RCC_GetPCLK1Freq
                0x080029a0       0x20 CMakeFiles/car_v2.elf.dir/Drivers/STM32F4xx_HAL_Driver/Src/stm32f4xx_hal_rcc.c.obj
                0x080029a0                HAL_RCC_GetPCLK1Freq
 .text.HAL_RCC_GetPCLK2Freq
                0x080029c0       0x20 CMakeFiles/car_v2.elf.dir/Drivers/STM32F4xx_HAL_Driver/Src/stm32f4xx_hal_rcc.c.obj
                0x080029c0                HAL_RCC_GetPCLK2Freq
 .text.HAL_RCC_GetClockConfig
                0x080029e0       0x3c CMakeFiles/car_v2.elf.dir/Drivers/STM32F4xx_HAL_Driver/Src/stm32f4xx_hal_rcc.c.obj
                0x080029e0                HAL_RCC_GetClockConfig
 .text.TIM_OC1_SetConfig
                0x08002a1c       0x68 CMakeFiles/car_v2.elf.dir/Drivers/STM32F4xx_HAL_Driver/Src/stm32f4xx_hal_tim.c.obj
 .text.TIM_OC3_SetConfig
                0x08002a84       0x70 CMakeFiles/car_v2.elf.dir/Drivers/STM32F4xx_HAL_Driver/Src/stm32f4xx_hal_tim.c.obj
 .text.TIM_OC4_SetConfig
                0x08002af4       0x50 CMakeFiles/car_v2.elf.dir/Drivers/STM32F4xx_HAL_Driver/Src/stm32f4xx_hal_tim.c.obj
 .text.HAL_TIM_Base_Start_IT
                0x08002b44       0x22 CMakeFiles/car_v2.elf.dir/Drivers/STM32F4xx_HAL_Driver/Src/stm32f4xx_hal_tim.c.obj
                0x08002b44                HAL_TIM_Base_Start_IT
 .text.HAL_TIM_PWM_MspInit
                0x08002b66        0x2 CMakeFiles/car_v2.elf.dir/Drivers/STM32F4xx_HAL_Driver/Src/stm32f4xx_hal_tim.c.obj
                0x08002b66                HAL_TIM_PWM_MspInit
 .text.HAL_TIM_OC_DelayElapsedCallback
                0x08002b68        0x2 CMakeFiles/car_v2.elf.dir/Drivers/STM32F4xx_HAL_Driver/Src/stm32f4xx_hal_tim.c.obj
                0x08002b68                HAL_TIM_OC_DelayElapsedCallback
 .text.HAL_TIM_IC_CaptureCallback
                0x08002b6a        0x2 CMakeFiles/car_v2.elf.dir/Drivers/STM32F4xx_HAL_Driver/Src/stm32f4xx_hal_tim.c.obj
                0x08002b6a                HAL_TIM_IC_CaptureCallback
 .text.HAL_TIM_PWM_PulseFinishedCallback
                0x08002b6c        0x2 CMakeFiles/car_v2.elf.dir/Drivers/STM32F4xx_HAL_Driver/Src/stm32f4xx_hal_tim.c.obj
                0x08002b6c                HAL_TIM_PWM_PulseFinishedCallback
 .text.HAL_TIM_TriggerCallback
                0x08002b6e        0x2 CMakeFiles/car_v2.elf.dir/Drivers/STM32F4xx_HAL_Driver/Src/stm32f4xx_hal_tim.c.obj
                0x08002b6e                HAL_TIM_TriggerCallback
 .text.HAL_TIM_IRQHandler
                0x08002b70      0x17a CMakeFiles/car_v2.elf.dir/Drivers/STM32F4xx_HAL_Driver/Src/stm32f4xx_hal_tim.c.obj
                0x08002b70                HAL_TIM_IRQHandler
 *fill*         0x08002cea        0x2 
 .text.TIM_Base_SetConfig
                0x08002cec       0xc8 CMakeFiles/car_v2.elf.dir/Drivers/STM32F4xx_HAL_Driver/Src/stm32f4xx_hal_tim.c.obj
                0x08002cec                TIM_Base_SetConfig
 .text.HAL_TIM_Base_Init
                0x08002db4       0x34 CMakeFiles/car_v2.elf.dir/Drivers/STM32F4xx_HAL_Driver/Src/stm32f4xx_hal_tim.c.obj
                0x08002db4                HAL_TIM_Base_Init
 .text.HAL_TIM_PWM_Init
                0x08002de8       0x34 CMakeFiles/car_v2.elf.dir/Drivers/STM32F4xx_HAL_Driver/Src/stm32f4xx_hal_tim.c.obj
                0x08002de8                HAL_TIM_PWM_Init
 .text.HAL_TIM_Encoder_Init
                0x08002e1c       0xa2 CMakeFiles/car_v2.elf.dir/Drivers/STM32F4xx_HAL_Driver/Src/stm32f4xx_hal_tim.c.obj
                0x08002e1c                HAL_TIM_Encoder_Init
 *fill*         0x08002ebe        0x2 
 .text.TIM_OC2_SetConfig
                0x08002ec0       0x70 CMakeFiles/car_v2.elf.dir/Drivers/STM32F4xx_HAL_Driver/Src/stm32f4xx_hal_tim.c.obj
                0x08002ec0                TIM_OC2_SetConfig
 .text.HAL_TIM_PWM_ConfigChannel
                0x08002f30       0xdc CMakeFiles/car_v2.elf.dir/Drivers/STM32F4xx_HAL_Driver/Src/stm32f4xx_hal_tim.c.obj
                0x08002f30                HAL_TIM_PWM_ConfigChannel
 .text.TIM_CCxChannelCmd
                0x0800300c       0x1e CMakeFiles/car_v2.elf.dir/Drivers/STM32F4xx_HAL_Driver/Src/stm32f4xx_hal_tim.c.obj
                0x0800300c                TIM_CCxChannelCmd
 .text.HAL_TIM_Encoder_Start
                0x0800302a       0x44 CMakeFiles/car_v2.elf.dir/Drivers/STM32F4xx_HAL_Driver/Src/stm32f4xx_hal_tim.c.obj
                0x0800302a                HAL_TIM_Encoder_Start
 *fill*         0x0800306e        0x2 
 .text.HAL_TIMEx_MasterConfigSynchronization
                0x08003070       0x8c CMakeFiles/car_v2.elf.dir/Drivers/STM32F4xx_HAL_Driver/Src/stm32f4xx_hal_tim_ex.c.obj
                0x08003070                HAL_TIMEx_MasterConfigSynchronization
 .text.HAL_TIMEx_CommutCallback
                0x080030fc        0x2 CMakeFiles/car_v2.elf.dir/Drivers/STM32F4xx_HAL_Driver/Src/stm32f4xx_hal_tim_ex.c.obj
                0x080030fc                HAL_TIMEx_CommutCallback
 .text.HAL_TIMEx_BreakCallback
                0x080030fe        0x2 CMakeFiles/car_v2.elf.dir/Drivers/STM32F4xx_HAL_Driver/Src/stm32f4xx_hal_tim_ex.c.obj
                0x080030fe                HAL_TIMEx_BreakCallback
 .text.UART_EndRxTransfer
                0x08003100       0x1c CMakeFiles/car_v2.elf.dir/Drivers/STM32F4xx_HAL_Driver/Src/stm32f4xx_hal_uart.c.obj
 .text.UART_Transmit_IT
                0x0800311c       0x66 CMakeFiles/car_v2.elf.dir/Drivers/STM32F4xx_HAL_Driver/Src/stm32f4xx_hal_uart.c.obj
 *fill*         0x08003182        0x2 
 .text.UART_SetConfig
                0x08003184      0x1d4 CMakeFiles/car_v2.elf.dir/Drivers/STM32F4xx_HAL_Driver/Src/stm32f4xx_hal_uart.c.obj
 .text.UART_WaitOnFlagUntilTimeout
                0x08003358       0x6c CMakeFiles/car_v2.elf.dir/Drivers/STM32F4xx_HAL_Driver/Src/stm32f4xx_hal_uart.c.obj
 .text.HAL_UART_Init
                0x080033c4       0x5e CMakeFiles/car_v2.elf.dir/Drivers/STM32F4xx_HAL_Driver/Src/stm32f4xx_hal_uart.c.obj
                0x080033c4                HAL_UART_Init
 .text.HAL_UART_Transmit
                0x08003422       0xe0 CMakeFiles/car_v2.elf.dir/Drivers/STM32F4xx_HAL_Driver/Src/stm32f4xx_hal_uart.c.obj
                0x08003422                HAL_UART_Transmit
 .text.HAL_UART_Receive_IT
                0x08003502       0x62 CMakeFiles/car_v2.elf.dir/Drivers/STM32F4xx_HAL_Driver/Src/stm32f4xx_hal_uart.c.obj
                0x08003502                HAL_UART_Receive_IT
 .text.HAL_UART_TxCpltCallback
                0x08003564        0x2 CMakeFiles/car_v2.elf.dir/Drivers/STM32F4xx_HAL_Driver/Src/stm32f4xx_hal_uart.c.obj
                0x08003564                HAL_UART_TxCpltCallback
 .text.UART_EndTransmit_IT
                0x08003566       0x1a CMakeFiles/car_v2.elf.dir/Drivers/STM32F4xx_HAL_Driver/Src/stm32f4xx_hal_uart.c.obj
 .text.UART_Receive_IT
                0x08003580       0x9e CMakeFiles/car_v2.elf.dir/Drivers/STM32F4xx_HAL_Driver/Src/stm32f4xx_hal_uart.c.obj
 .text.HAL_UART_ErrorCallback
                0x0800361e        0x2 CMakeFiles/car_v2.elf.dir/Drivers/STM32F4xx_HAL_Driver/Src/stm32f4xx_hal_uart.c.obj
                0x0800361e                HAL_UART_ErrorCallback
 .text.HAL_UART_IRQHandler
                0x08003620      0x128 CMakeFiles/car_v2.elf.dir/Drivers/STM32F4xx_HAL_Driver/Src/stm32f4xx_hal_uart.c.obj
                0x08003620                HAL_UART_IRQHandler
 .text.UART_DMAAbortOnError
                0x08003748       0x10 CMakeFiles/car_v2.elf.dir/Drivers/STM32F4xx_HAL_Driver/Src/stm32f4xx_hal_uart.c.obj
 .text.HAL_UART_GetState
                0x08003758        0xc CMakeFiles/car_v2.elf.dir/Drivers/STM32F4xx_HAL_Driver/Src/stm32f4xx_hal_uart.c.obj
                0x08003758                HAL_UART_GetState
 .text.makeFreeRtosPriority
                0x08003764        0xc CMakeFiles/car_v2.elf.dir/Middlewares/Third_Party/FreeRTOS/Source/CMSIS_RTOS/cmsis_os.c.obj
 .text.osKernelStart
                0x08003770        0xa CMakeFiles/car_v2.elf.dir/Middlewares/Third_Party/FreeRTOS/Source/CMSIS_RTOS/cmsis_os.c.obj
                0x08003770                osKernelStart
 .text.osThreadCreate
                0x0800377a       0x6a CMakeFiles/car_v2.elf.dir/Middlewares/Third_Party/FreeRTOS/Source/CMSIS_RTOS/cmsis_os.c.obj
                0x0800377a                osThreadCreate
 .text.osDelay  0x080037e4        0xe CMakeFiles/car_v2.elf.dir/Middlewares/Third_Party/FreeRTOS/Source/CMSIS_RTOS/cmsis_os.c.obj
                0x080037e4                osDelay
 .text.vListInitialise
                0x080037f2       0x16 CMakeFiles/car_v2.elf.dir/Middlewares/Third_Party/FreeRTOS/Source/list.c.obj
                0x080037f2                vListInitialise
 .text.vListInitialiseItem
                0x08003808        0x6 CMakeFiles/car_v2.elf.dir/Middlewares/Third_Party/FreeRTOS/Source/list.c.obj
                0x08003808                vListInitialiseItem
 .text.vListInsertEnd
                0x0800380e       0x16 CMakeFiles/car_v2.elf.dir/Middlewares/Third_Party/FreeRTOS/Source/list.c.obj
                0x0800380e                vListInsertEnd
 .text.vListInsert
                0x08003824       0x32 CMakeFiles/car_v2.elf.dir/Middlewares/Third_Party/FreeRTOS/Source/list.c.obj
                0x08003824                vListInsert
 .text.uxListRemove
                0x08003856       0x26 CMakeFiles/car_v2.elf.dir/Middlewares/Third_Party/FreeRTOS/Source/list.c.obj
                0x08003856                uxListRemove
 .text.prvTaskExitError
                0x0800387c       0x40 CMakeFiles/car_v2.elf.dir/Middlewares/Third_Party/FreeRTOS/Source/portable/GCC/ARM_CM4F/port.c.obj
 .text.prvPortStartFirstTask
                0x080038bc       0x28 CMakeFiles/car_v2.elf.dir/Middlewares/Third_Party/FreeRTOS/Source/portable/GCC/ARM_CM4F/port.c.obj
 .text.vPortEnableVFP
                0x080038e4       0x14 CMakeFiles/car_v2.elf.dir/Middlewares/Third_Party/FreeRTOS/Source/portable/GCC/ARM_CM4F/port.c.obj
 .text.pxPortInitialiseStack
                0x080038f8       0x2c CMakeFiles/car_v2.elf.dir/Middlewares/Third_Party/FreeRTOS/Source/portable/GCC/ARM_CM4F/port.c.obj
                0x080038f8                pxPortInitialiseStack
 *fill*         0x08003924        0xc 
 .text.SVC_Handler
                0x08003930       0x24 CMakeFiles/car_v2.elf.dir/Middlewares/Third_Party/FreeRTOS/Source/portable/GCC/ARM_CM4F/port.c.obj
                0x08003930                SVC_Handler
 .text.vPortEnterCritical
                0x08003954       0x44 CMakeFiles/car_v2.elf.dir/Middlewares/Third_Party/FreeRTOS/Source/portable/GCC/ARM_CM4F/port.c.obj
                0x08003954                vPortEnterCritical
 .text.vPortExitCritical
                0x08003998       0x2c CMakeFiles/car_v2.elf.dir/Middlewares/Third_Party/FreeRTOS/Source/portable/GCC/ARM_CM4F/port.c.obj
                0x08003998                vPortExitCritical
 *fill*         0x080039c4        0xc 
 .text.PendSV_Handler
                0x080039d0       0x64 CMakeFiles/car_v2.elf.dir/Middlewares/Third_Party/FreeRTOS/Source/portable/GCC/ARM_CM4F/port.c.obj
                0x080039d0                PendSV_Handler
 .text.SysTick_Handler
                0x08003a34       0x2c CMakeFiles/car_v2.elf.dir/Middlewares/Third_Party/FreeRTOS/Source/portable/GCC/ARM_CM4F/port.c.obj
                0x08003a34                SysTick_Handler
 .text.vPortSetupTimerInterrupt
                0x08003a60       0x28 CMakeFiles/car_v2.elf.dir/Middlewares/Third_Party/FreeRTOS/Source/portable/GCC/ARM_CM4F/port.c.obj
                0x08003a60                vPortSetupTimerInterrupt
 .text.xPortStartScheduler
                0x08003a88      0x118 CMakeFiles/car_v2.elf.dir/Middlewares/Third_Party/FreeRTOS/Source/portable/GCC/ARM_CM4F/port.c.obj
                0x08003a88                xPortStartScheduler
 .text.prvHeapInit
                0x08003ba0       0x64 CMakeFiles/car_v2.elf.dir/Middlewares/Third_Party/FreeRTOS/Source/portable/MemMang/heap_4.c.obj
 .text.prvInsertBlockIntoFreeList
                0x08003c04       0x64 CMakeFiles/car_v2.elf.dir/Middlewares/Third_Party/FreeRTOS/Source/portable/MemMang/heap_4.c.obj
 .text.pvPortMalloc
                0x08003c68       0xf0 CMakeFiles/car_v2.elf.dir/Middlewares/Third_Party/FreeRTOS/Source/portable/MemMang/heap_4.c.obj
                0x08003c68                pvPortMalloc
 .text.vPortFree
                0x08003d58       0x70 CMakeFiles/car_v2.elf.dir/Middlewares/Third_Party/FreeRTOS/Source/portable/MemMang/heap_4.c.obj
                0x08003d58                vPortFree
 .text.prvResetNextTaskUnblockTime
                0x08003dc8       0x2c CMakeFiles/car_v2.elf.dir/Middlewares/Third_Party/FreeRTOS/Source/tasks.c.obj
 .text.prvInitialiseNewTask
                0x08003df4       0xa2 CMakeFiles/car_v2.elf.dir/Middlewares/Third_Party/FreeRTOS/Source/tasks.c.obj
 *fill*         0x08003e96        0x2 
 .text.prvInitialiseTaskLists
                0x08003e98       0x68 CMakeFiles/car_v2.elf.dir/Middlewares/Third_Party/FreeRTOS/Source/tasks.c.obj
 .text.prvAddNewTaskToReadyList
                0x08003f00       0xa8 CMakeFiles/car_v2.elf.dir/Middlewares/Third_Party/FreeRTOS/Source/tasks.c.obj
 .text.prvDeleteTCB
                0x08003fa8       0x38 CMakeFiles/car_v2.elf.dir/Middlewares/Third_Party/FreeRTOS/Source/tasks.c.obj
 .text.prvCheckTasksWaitingTermination
                0x08003fe0       0x4c CMakeFiles/car_v2.elf.dir/Middlewares/Third_Party/FreeRTOS/Source/tasks.c.obj
 .text.prvIdleTask
                0x0800402c       0x28 CMakeFiles/car_v2.elf.dir/Middlewares/Third_Party/FreeRTOS/Source/tasks.c.obj
 .text.prvAddCurrentTaskToDelayedList
                0x08004054       0x98 CMakeFiles/car_v2.elf.dir/Middlewares/Third_Party/FreeRTOS/Source/tasks.c.obj
 .text.xTaskCreateStatic
                0x080040ec       0x76 CMakeFiles/car_v2.elf.dir/Middlewares/Third_Party/FreeRTOS/Source/tasks.c.obj
                0x080040ec                xTaskCreateStatic
 .text.xTaskCreate
                0x08004162       0x68 CMakeFiles/car_v2.elf.dir/Middlewares/Third_Party/FreeRTOS/Source/tasks.c.obj
                0x08004162                xTaskCreate
 *fill*         0x080041ca        0x2 
 .text.vTaskStartScheduler
                0x080041cc       0x74 CMakeFiles/car_v2.elf.dir/Middlewares/Third_Party/FreeRTOS/Source/tasks.c.obj
                0x080041cc                vTaskStartScheduler
 .text.vTaskSuspendAll
                0x08004240       0x10 CMakeFiles/car_v2.elf.dir/Middlewares/Third_Party/FreeRTOS/Source/tasks.c.obj
                0x08004240                vTaskSuspendAll
 .text.xTaskIncrementTick
                0x08004250      0x118 CMakeFiles/car_v2.elf.dir/Middlewares/Third_Party/FreeRTOS/Source/tasks.c.obj
                0x08004250                xTaskIncrementTick
 .text.xTaskResumeAll
                0x08004368       0xf8 CMakeFiles/car_v2.elf.dir/Middlewares/Third_Party/FreeRTOS/Source/tasks.c.obj
                0x08004368                xTaskResumeAll
 .text.vTaskDelay
                0x08004460       0x4c CMakeFiles/car_v2.elf.dir/Middlewares/Third_Party/FreeRTOS/Source/tasks.c.obj
                0x08004460                vTaskDelay
 .text.vTaskSwitchContext
                0x080044ac       0x98 CMakeFiles/car_v2.elf.dir/Middlewares/Third_Party/FreeRTOS/Source/tasks.c.obj
                0x080044ac                vTaskSwitchContext
 .text.Reset_Handler
                0x08004544       0x50 CMakeFiles/car_v2.elf.dir/startup/startup_stm32f407xx.s.obj
                0x08004544                Reset_Handler
 .text.Default_Handler
                0x08004594        0x2 CMakeFiles/car_v2.elf.dir/startup/startup_stm32f407xx.s.obj
                0x08004594                RTC_Alarm_IRQHandler
                0x08004594                HASH_RNG_IRQHandler
                0x08004594                EXTI2_IRQHandler
                0x08004594                TIM8_CC_IRQHandler
                0x08004594                TIM1_CC_IRQHandler
                0x08004594                DMA2_Stream5_IRQHandler
                0x08004594                DMA1_Stream5_IRQHandler
                0x08004594                PVD_IRQHandler
                0x08004594                SDIO_IRQHandler
                0x08004594                TAMP_STAMP_IRQHandler
                0x08004594                CAN2_RX1_IRQHandler
                0x08004594                EXTI3_IRQHandler
                0x08004594                TIM8_TRG_COM_TIM14_IRQHandler
                0x08004594                TIM8_UP_TIM13_IRQHandler
                0x08004594                I2C3_ER_IRQHandler
                0x08004594                EXTI0_IRQHandler
                0x08004594                I2C2_EV_IRQHandler
                0x08004594                DMA1_Stream2_IRQHandler
                0x08004594                CAN1_RX0_IRQHandler
                0x08004594                FPU_IRQHandler
                0x08004594                OTG_HS_WKUP_IRQHandler
                0x08004594                CAN2_SCE_IRQHandler
                0x08004594                DMA2_Stream2_IRQHandler
                0x08004594                SPI1_IRQHandler
                0x08004594                TIM6_DAC_IRQHandler
                0x08004594                TIM1_BRK_TIM9_IRQHandler
                0x08004594                DCMI_IRQHandler
                0x08004594                CAN2_RX0_IRQHandler
                0x08004594                DMA2_Stream3_IRQHandler
                0x08004594                USART6_IRQHandler
                0x08004594                USART3_IRQHandler
                0x08004594                CAN1_RX1_IRQHandler
                0x08004594                UART5_IRQHandler
                0x08004594                DMA2_Stream0_IRQHandler
                0x08004594                TIM4_IRQHandler
                0x08004594                I2C1_EV_IRQHandler
                0x08004594                DMA1_Stream6_IRQHandler
                0x08004594                DMA1_Stream1_IRQHandler
                0x08004594                UART4_IRQHandler
                0x08004594                TIM3_IRQHandler
                0x08004594                RCC_IRQHandler
                0x08004594                TIM8_BRK_TIM12_IRQHandler
                0x08004594                Default_Handler
                0x08004594                EXTI15_10_IRQHandler
                0x08004594                ADC_IRQHandler
                0x08004594                DMA1_Stream7_IRQHandler
                0x08004594                TIM7_IRQHandler
                0x08004594                CAN2_TX_IRQHandler
                0x08004594                TIM5_IRQHandler
                0x08004594                DMA2_Stream7_IRQHandler
                0x08004594                I2C3_EV_IRQHandler
                0x08004594                EXTI9_5_IRQHandler
                0x08004594                RTC_WKUP_IRQHandler
                0x08004594                ETH_WKUP_IRQHandler
                0x08004594                SPI2_IRQHandler
                0x08004594                OTG_HS_EP1_IN_IRQHandler
                0x08004594                DMA1_Stream0_IRQHandler
                0x08004594                CAN1_TX_IRQHandler
                0x08004594                EXTI4_IRQHandler
                0x08004594                FSMC_IRQHandler
                0x08004594                ETH_IRQHandler
                0x08004594                OTG_HS_EP1_OUT_IRQHandler
                0x08004594                WWDG_IRQHandler
                0x08004594                TIM2_IRQHandler
                0x08004594                OTG_FS_WKUP_IRQHandler
                0x08004594                TIM1_TRG_COM_TIM11_IRQHandler
                0x08004594                OTG_HS_IRQHandler
                0x08004594                EXTI1_IRQHandler
                0x08004594                I2C2_ER_IRQHandler
                0x08004594                DMA2_Stream1_IRQHandler
                0x08004594                CAN1_SCE_IRQHandler
                0x08004594                FLASH_IRQHandler
                0x08004594                DMA2_Stream4_IRQHandler
                0x08004594                OTG_FS_IRQHandler
                0x08004594                SPI3_IRQHandler
                0x08004594                DMA1_Stream4_IRQHandler
                0x08004594                I2C1_ER_IRQHandler
                0x08004594                DMA2_Stream6_IRQHandler
                0x08004594                DMA1_Stream3_IRQHandler
 *fill*         0x08004596        0x2 
 .text.__errno  0x08004598        0xc e:/gnu/10 2021.10/bin/../lib/gcc/arm-none-eabi/10.3.1/../../../../arm-none-eabi/lib/thumb/v7e-m+fp/hard\libg.a(lib_a-errno.o)
                0x08004598                __errno
 .text.__libc_init_array
                0x080045a4       0x48 e:/gnu/10 2021.10/bin/../lib/gcc/arm-none-eabi/10.3.1/../../../../arm-none-eabi/lib/thumb/v7e-m+fp/hard\libg.a(lib_a-init.o)
                0x080045a4                __libc_init_array
 .text.memset   0x080045ec       0xa4 e:/gnu/10 2021.10/bin/../lib/gcc/arm-none-eabi/10.3.1/../../../../arm-none-eabi/lib/thumb/v7e-m+fp/hard\libg.a(lib_a-memset.o)
                0x080045ec                memset
 .text.vsprintf
                0x08004690       0x38 e:/gnu/10 2021.10/bin/../lib/gcc/arm-none-eabi/10.3.1/../../../../arm-none-eabi/lib/thumb/v7e-m+fp/hard\libg.a(lib_a-vsprintf.o)
                0x08004690                vsprintf
 .text.startup.register_fini
                0x080046c8       0x14 e:/gnu/10 2021.10/bin/../lib/gcc/arm-none-eabi/10.3.1/../../../../arm-none-eabi/lib/thumb/v7e-m+fp/hard\libg.a(lib_a-__call_atexit.o)
 .text.atexit   0x080046dc        0xc e:/gnu/10 2021.10/bin/../lib/gcc/arm-none-eabi/10.3.1/../../../../arm-none-eabi/lib/thumb/v7e-m+fp/hard\libg.a(lib_a-atexit.o)
                0x080046dc                atexit
 .text.__libc_fini_array
                0x080046e8       0x2c e:/gnu/10 2021.10/bin/../lib/gcc/arm-none-eabi/10.3.1/../../../../arm-none-eabi/lib/thumb/v7e-m+fp/hard\libg.a(lib_a-fini.o)
                0x080046e8                __libc_fini_array
 .text.__retarget_lock_init_recursive
                0x08004714        0x4 e:/gnu/10 2021.10/bin/../lib/gcc/arm-none-eabi/10.3.1/../../../../arm-none-eabi/lib/thumb/v7e-m+fp/hard\libg.a(lib_a-lock.o)
                0x08004714                __retarget_lock_init_recursive
 .text.__retarget_lock_close_recursive
                0x08004718        0x4 e:/gnu/10 2021.10/bin/../lib/gcc/arm-none-eabi/10.3.1/../../../../arm-none-eabi/lib/thumb/v7e-m+fp/hard\libg.a(lib_a-lock.o)
                0x08004718                __retarget_lock_close_recursive
 .text.__retarget_lock_acquire_recursive
                0x0800471c        0x4 e:/gnu/10 2021.10/bin/../lib/gcc/arm-none-eabi/10.3.1/../../../../arm-none-eabi/lib/thumb/v7e-m+fp/hard\libg.a(lib_a-lock.o)
                0x0800471c                __retarget_lock_acquire_recursive
 .text.__retarget_lock_release_recursive
                0x08004720        0x4 e:/gnu/10 2021.10/bin/../lib/gcc/arm-none-eabi/10.3.1/../../../../arm-none-eabi/lib/thumb/v7e-m+fp/hard\libg.a(lib_a-lock.o)
                0x08004720                __retarget_lock_release_recursive
 *fill*         0x08004724        0x4 
 .text._svfprintf_r
                0x08004728     0x1acc e:/gnu/10 2021.10/bin/../lib/gcc/arm-none-eabi/10.3.1/../../../../arm-none-eabi/lib/thumb/v7e-m+fp/hard\libg.a(lib_a-svfprintf.o)
                0x08004728                _svfprintf_r
 .text.__register_exitproc
                0x080061f4       0x8c e:/gnu/10 2021.10/bin/../lib/gcc/arm-none-eabi/10.3.1/../../../../arm-none-eabi/lib/thumb/v7e-m+fp/hard\libg.a(lib_a-__atexit.o)
                0x080061f4                __register_exitproc
 .text.quorem   0x08006280      0x128 e:/gnu/10 2021.10/bin/../lib/gcc/arm-none-eabi/10.3.1/../../../../arm-none-eabi/lib/thumb/v7e-m+fp/hard\libg.a(lib_a-dtoa.o)
 .text._dtoa_r  0x080063a8      0xf3c e:/gnu/10 2021.10/bin/../lib/gcc/arm-none-eabi/10.3.1/../../../../arm-none-eabi/lib/thumb/v7e-m+fp/hard\libg.a(lib_a-dtoa.o)
                0x080063a8                _dtoa_r
 .text._malloc_trim_r
                0x080072e4       0xa0 e:/gnu/10 2021.10/bin/../lib/gcc/arm-none-eabi/10.3.1/../../../../arm-none-eabi/lib/thumb/v7e-m+fp/hard\libg.a(lib_a-freer.o)
                0x080072e4                _malloc_trim_r
 .text._free_r  0x08007384      0x20c e:/gnu/10 2021.10/bin/../lib/gcc/arm-none-eabi/10.3.1/../../../../arm-none-eabi/lib/thumb/v7e-m+fp/hard\libg.a(lib_a-freer.o)
                0x08007384                _free_r
 .text._localeconv_r
                0x08007590        0x8 e:/gnu/10 2021.10/bin/../lib/gcc/arm-none-eabi/10.3.1/../../../../arm-none-eabi/lib/thumb/v7e-m+fp/hard\libg.a(lib_a-localeconv.o)
                0x08007590                _localeconv_r
 .text._malloc_r
                0x08007598      0x560 e:/gnu/10 2021.10/bin/../lib/gcc/arm-none-eabi/10.3.1/../../../../arm-none-eabi/lib/thumb/v7e-m+fp/hard\libg.a(lib_a-mallocr.o)
                0x08007598                _malloc_r
 .text.__malloc_lock
                0x08007af8        0xc e:/gnu/10 2021.10/bin/../lib/gcc/arm-none-eabi/10.3.1/../../../../arm-none-eabi/lib/thumb/v7e-m+fp/hard\libg.a(lib_a-mlock.o)
                0x08007af8                __malloc_lock
 .text.__malloc_unlock
                0x08007b04        0xc e:/gnu/10 2021.10/bin/../lib/gcc/arm-none-eabi/10.3.1/../../../../arm-none-eabi/lib/thumb/v7e-m+fp/hard\libg.a(lib_a-mlock.o)
                0x08007b04                __malloc_unlock
 .text._Balloc  0x08007b10       0x4c e:/gnu/10 2021.10/bin/../lib/gcc/arm-none-eabi/10.3.1/../../../../arm-none-eabi/lib/thumb/v7e-m+fp/hard\libg.a(lib_a-mprec.o)
                0x08007b10                _Balloc
 .text._Bfree   0x08007b5c       0x14 e:/gnu/10 2021.10/bin/../lib/gcc/arm-none-eabi/10.3.1/../../../../arm-none-eabi/lib/thumb/v7e-m+fp/hard\libg.a(lib_a-mprec.o)
                0x08007b5c                _Bfree
 .text.__multadd
                0x08007b70       0xa8 e:/gnu/10 2021.10/bin/../lib/gcc/arm-none-eabi/10.3.1/../../../../arm-none-eabi/lib/thumb/v7e-m+fp/hard\libg.a(lib_a-mprec.o)
                0x08007b70                __multadd
 .text.__hi0bits
                0x08007c18       0x40 e:/gnu/10 2021.10/bin/../lib/gcc/arm-none-eabi/10.3.1/../../../../arm-none-eabi/lib/thumb/v7e-m+fp/hard\libg.a(lib_a-mprec.o)
                0x08007c18                __hi0bits
 .text.__lo0bits
                0x08007c58       0x60 e:/gnu/10 2021.10/bin/../lib/gcc/arm-none-eabi/10.3.1/../../../../arm-none-eabi/lib/thumb/v7e-m+fp/hard\libg.a(lib_a-mprec.o)
                0x08007c58                __lo0bits
 .text.__i2b    0x08007cb8       0x5c e:/gnu/10 2021.10/bin/../lib/gcc/arm-none-eabi/10.3.1/../../../../arm-none-eabi/lib/thumb/v7e-m+fp/hard\libg.a(lib_a-mprec.o)
                0x08007cb8                __i2b
 .text.__multiply
                0x08007d14      0x15c e:/gnu/10 2021.10/bin/../lib/gcc/arm-none-eabi/10.3.1/../../../../arm-none-eabi/lib/thumb/v7e-m+fp/hard\libg.a(lib_a-mprec.o)
                0x08007d14                __multiply
 .text.__pow5mult
                0x08007e70       0xc0 e:/gnu/10 2021.10/bin/../lib/gcc/arm-none-eabi/10.3.1/../../../../arm-none-eabi/lib/thumb/v7e-m+fp/hard\libg.a(lib_a-mprec.o)
                0x08007e70                __pow5mult
 .text.__lshift
                0x08007f30       0xf0 e:/gnu/10 2021.10/bin/../lib/gcc/arm-none-eabi/10.3.1/../../../../arm-none-eabi/lib/thumb/v7e-m+fp/hard\libg.a(lib_a-mprec.o)
                0x08007f30                __lshift
 .text.__mcmp   0x08008020       0x44 e:/gnu/10 2021.10/bin/../lib/gcc/arm-none-eabi/10.3.1/../../../../arm-none-eabi/lib/thumb/v7e-m+fp/hard\libg.a(lib_a-mprec.o)
                0x08008020                __mcmp
 .text.__mdiff  0x08008064      0x14c e:/gnu/10 2021.10/bin/../lib/gcc/arm-none-eabi/10.3.1/../../../../arm-none-eabi/lib/thumb/v7e-m+fp/hard\libg.a(lib_a-mprec.o)
                0x08008064                __mdiff
 .text.__d2b    0x080081b0       0xd0 e:/gnu/10 2021.10/bin/../lib/gcc/arm-none-eabi/10.3.1/../../../../arm-none-eabi/lib/thumb/v7e-m+fp/hard\libg.a(lib_a-mprec.o)
                0x080081b0                __d2b
 .text.frexp    0x08008280       0x6c e:/gnu/10 2021.10/bin/../lib/gcc/arm-none-eabi/10.3.1/../../../../arm-none-eabi/lib/thumb/v7e-m+fp/hard\libg.a(lib_a-s_frexp.o)
                0x08008280                frexp
 .text._sbrk_r  0x080082ec       0x24 e:/gnu/10 2021.10/bin/../lib/gcc/arm-none-eabi/10.3.1/../../../../arm-none-eabi/lib/thumb/v7e-m+fp/hard\libg.a(lib_a-sbrkr.o)
                0x080082ec                _sbrk_r
 .text.strncpy  0x08008310       0x64 e:/gnu/10 2021.10/bin/../lib/gcc/arm-none-eabi/10.3.1/../../../../arm-none-eabi/lib/thumb/v7e-m+fp/hard\libg.a(lib_a-strncpy.o)
                0x08008310                strncpy
 .text.__ssprint_r
                0x08008374       0xf8 e:/gnu/10 2021.10/bin/../lib/gcc/arm-none-eabi/10.3.1/../../../../arm-none-eabi/lib/thumb/v7e-m+fp/hard\libg.a(lib_a-svfiprintf.o)
                0x08008374                __ssprint_r
 .text.__assert_func
                0x0800846c       0x40 e:/gnu/10 2021.10/bin/../lib/gcc/arm-none-eabi/10.3.1/../../../../arm-none-eabi/lib/thumb/v7e-m+fp/hard\libg.a(lib_a-assert.o)
                0x0800846c                __assert_func
 .text._calloc_r
                0x080084ac       0x78 e:/gnu/10 2021.10/bin/../lib/gcc/arm-none-eabi/10.3.1/../../../../arm-none-eabi/lib/thumb/v7e-m+fp/hard\libg.a(lib_a-callocr.o)
                0x080084ac                _calloc_r
 .text.fiprintf
                0x08008524       0x28 e:/gnu/10 2021.10/bin/../lib/gcc/arm-none-eabi/10.3.1/../../../../arm-none-eabi/lib/thumb/v7e-m+fp/hard\libg.a(lib_a-fiprintf.o)
                0x08008524                fiprintf
 .text.__locale_mb_cur_max
                0x0800854c        0xc e:/gnu/10 2021.10/bin/../lib/gcc/arm-none-eabi/10.3.1/../../../../arm-none-eabi/lib/thumb/v7e-m+fp/hard\libg.a(lib_a-locale.o)
                0x0800854c                __locale_mb_cur_max
 .text.__ascii_mbtowc
                0x08008558       0x2c e:/gnu/10 2021.10/bin/../lib/gcc/arm-none-eabi/10.3.1/../../../../arm-none-eabi/lib/thumb/v7e-m+fp/hard\libg.a(lib_a-mbtowc_r.o)
                0x08008558                __ascii_mbtowc
 .text.memmove  0x08008584       0xf8 e:/gnu/10 2021.10/bin/../lib/gcc/arm-none-eabi/10.3.1/../../../../arm-none-eabi/lib/thumb/v7e-m+fp/hard\libg.a(lib_a-memmove.o)
                0x08008584                memmove
 .text._realloc_r
                0x0800867c      0x3d8 e:/gnu/10 2021.10/bin/../lib/gcc/arm-none-eabi/10.3.1/../../../../arm-none-eabi/lib/thumb/v7e-m+fp/hard\libg.a(lib_a-reallocr.o)
                0x0800867c                _realloc_r
 .text.__sprint_r.part.0
                0x08008a54       0x78 e:/gnu/10 2021.10/bin/../lib/gcc/arm-none-eabi/10.3.1/../../../../arm-none-eabi/lib/thumb/v7e-m+fp/hard\libg.a(lib_a-vfiprintf.o)
 .text._vfiprintf_r
                0x08008acc      0xdfc e:/gnu/10 2021.10/bin/../lib/gcc/arm-none-eabi/10.3.1/../../../../arm-none-eabi/lib/thumb/v7e-m+fp/hard\libg.a(lib_a-vfiprintf.o)
                0x08008acc                _vfiprintf_r
 .text.__sbprintf
                0x080098c8       0x80 e:/gnu/10 2021.10/bin/../lib/gcc/arm-none-eabi/10.3.1/../../../../arm-none-eabi/lib/thumb/v7e-m+fp/hard\libg.a(lib_a-vfiprintf.o)
 .text.__ascii_wctomb
                0x08009948       0x1c e:/gnu/10 2021.10/bin/../lib/gcc/arm-none-eabi/10.3.1/../../../../arm-none-eabi/lib/thumb/v7e-m+fp/hard\libg.a(lib_a-wctomb_r.o)
                0x08009948                __ascii_wctomb
 .text.__swsetup_r
                0x08009964       0xd4 e:/gnu/10 2021.10/bin/../lib/gcc/arm-none-eabi/10.3.1/../../../../arm-none-eabi/lib/thumb/v7e-m+fp/hard\libg.a(lib_a-wsetup.o)
                0x08009964                __swsetup_r
 .text.abort    0x08009a38       0x10 e:/gnu/10 2021.10/bin/../lib/gcc/arm-none-eabi/10.3.1/../../../../arm-none-eabi/lib/thumb/v7e-m+fp/hard\libg.a(lib_a-abort.o)
                0x08009a38                abort
 .text.__sflush_r
                0x08009a48      0x130 e:/gnu/10 2021.10/bin/../lib/gcc/arm-none-eabi/10.3.1/../../../../arm-none-eabi/lib/thumb/v7e-m+fp/hard\libg.a(lib_a-fflush.o)
                0x08009a48                __sflush_r
 .text._fflush_r
                0x08009b78       0x5c e:/gnu/10 2021.10/bin/../lib/gcc/arm-none-eabi/10.3.1/../../../../arm-none-eabi/lib/thumb/v7e-m+fp/hard\libg.a(lib_a-fflush.o)
                0x08009b78                _fflush_r
 .text._cleanup_r
                0x08009bd4        0xc e:/gnu/10 2021.10/bin/../lib/gcc/arm-none-eabi/10.3.1/../../../../arm-none-eabi/lib/thumb/v7e-m+fp/hard\libg.a(lib_a-findfp.o)
                0x08009bd4                _cleanup_r
 .text.__sinit  0x08009be0      0x10c e:/gnu/10 2021.10/bin/../lib/gcc/arm-none-eabi/10.3.1/../../../../arm-none-eabi/lib/thumb/v7e-m+fp/hard\libg.a(lib_a-findfp.o)
                0x08009be0                __sinit
 .text.__sfp_lock_acquire
                0x08009cec        0xc e:/gnu/10 2021.10/bin/../lib/gcc/arm-none-eabi/10.3.1/../../../../arm-none-eabi/lib/thumb/v7e-m+fp/hard\libg.a(lib_a-findfp.o)
                0x08009cec                __sfp_lock_acquire
 .text.__sfp_lock_release
                0x08009cf8        0xc e:/gnu/10 2021.10/bin/../lib/gcc/arm-none-eabi/10.3.1/../../../../arm-none-eabi/lib/thumb/v7e-m+fp/hard\libg.a(lib_a-findfp.o)
                0x08009cf8                __sfp_lock_release
 .text.__fputwc
                0x08009d04       0xa8 e:/gnu/10 2021.10/bin/../lib/gcc/arm-none-eabi/10.3.1/../../../../arm-none-eabi/lib/thumb/v7e-m+fp/hard\libg.a(lib_a-fputwc.o)
                0x08009d04                __fputwc
 .text._fputwc_r
                0x08009dac       0x68 e:/gnu/10 2021.10/bin/../lib/gcc/arm-none-eabi/10.3.1/../../../../arm-none-eabi/lib/thumb/v7e-m+fp/hard\libg.a(lib_a-fputwc.o)
                0x08009dac                _fputwc_r
 .text.__sfvwrite_r
                0x08009e14      0x2f0 e:/gnu/10 2021.10/bin/../lib/gcc/arm-none-eabi/10.3.1/../../../../arm-none-eabi/lib/thumb/v7e-m+fp/hard\libg.a(lib_a-fvwrite.o)
                0x08009e14                __sfvwrite_r
 .text._fwalk_reent
                0x0800a104       0x48 e:/gnu/10 2021.10/bin/../lib/gcc/arm-none-eabi/10.3.1/../../../../arm-none-eabi/lib/thumb/v7e-m+fp/hard\libg.a(lib_a-fwalk.o)
                0x0800a104                _fwalk_reent
 .text.__smakebuf_r
                0x0800a14c       0xe0 e:/gnu/10 2021.10/bin/../lib/gcc/arm-none-eabi/10.3.1/../../../../arm-none-eabi/lib/thumb/v7e-m+fp/hard\libg.a(lib_a-makebuf.o)
                0x0800a14c                __smakebuf_r
 .text.raise    0x0800a22c       0x5c e:/gnu/10 2021.10/bin/../lib/gcc/arm-none-eabi/10.3.1/../../../../arm-none-eabi/lib/thumb/v7e-m+fp/hard\libg.a(lib_a-signal.o)
                0x0800a22c                raise
 .text._kill_r  0x0800a288       0x2c e:/gnu/10 2021.10/bin/../lib/gcc/arm-none-eabi/10.3.1/../../../../arm-none-eabi/lib/thumb/v7e-m+fp/hard\libg.a(lib_a-signalr.o)
                0x0800a288                _kill_r
 .text._getpid_r
                0x0800a2b4        0x4 e:/gnu/10 2021.10/bin/../lib/gcc/arm-none-eabi/10.3.1/../../../../arm-none-eabi/lib/thumb/v7e-m+fp/hard\libg.a(lib_a-signalr.o)
                0x0800a2b4                _getpid_r
 .text.__sread  0x0800a2b8       0x24 e:/gnu/10 2021.10/bin/../lib/gcc/arm-none-eabi/10.3.1/../../../../arm-none-eabi/lib/thumb/v7e-m+fp/hard\libg.a(lib_a-stdio.o)
                0x0800a2b8                __sread
 .text.__swrite
                0x0800a2dc       0x40 e:/gnu/10 2021.10/bin/../lib/gcc/arm-none-eabi/10.3.1/../../../../arm-none-eabi/lib/thumb/v7e-m+fp/hard\libg.a(lib_a-stdio.o)
                0x0800a2dc                __swrite
 .text.__sseek  0x0800a31c       0x20 e:/gnu/10 2021.10/bin/../lib/gcc/arm-none-eabi/10.3.1/../../../../arm-none-eabi/lib/thumb/v7e-m+fp/hard\libg.a(lib_a-stdio.o)
                0x0800a31c                __sseek
 .text.__sclose
                0x0800a33c        0x8 e:/gnu/10 2021.10/bin/../lib/gcc/arm-none-eabi/10.3.1/../../../../arm-none-eabi/lib/thumb/v7e-m+fp/hard\libg.a(lib_a-stdio.o)
                0x0800a33c                __sclose
 .text.__swbuf_r
                0x0800a344       0xb0 e:/gnu/10 2021.10/bin/../lib/gcc/arm-none-eabi/10.3.1/../../../../arm-none-eabi/lib/thumb/v7e-m+fp/hard\libg.a(lib_a-wbuf.o)
                0x0800a344                __swbuf_r
 .text._wcrtomb_r
                0x0800a3f4       0x3c e:/gnu/10 2021.10/bin/../lib/gcc/arm-none-eabi/10.3.1/../../../../arm-none-eabi/lib/thumb/v7e-m+fp/hard\libg.a(lib_a-wcrtomb.o)
                0x0800a3f4                _wcrtomb_r
 .text._write_r
                0x0800a430       0x2c e:/gnu/10 2021.10/bin/../lib/gcc/arm-none-eabi/10.3.1/../../../../arm-none-eabi/lib/thumb/v7e-m+fp/hard\libg.a(lib_a-writer.o)
                0x0800a430                _write_r
 .text._close_r
                0x0800a45c       0x24 e:/gnu/10 2021.10/bin/../lib/gcc/arm-none-eabi/10.3.1/../../../../arm-none-eabi/lib/thumb/v7e-m+fp/hard\libg.a(lib_a-closer.o)
                0x0800a45c                _close_r
 .text._fclose_r
                0x0800a480       0xcc e:/gnu/10 2021.10/bin/../lib/gcc/arm-none-eabi/10.3.1/../../../../arm-none-eabi/lib/thumb/v7e-m+fp/hard\libg.a(lib_a-fclose.o)
                0x0800a480                _fclose_r
 .text._fstat_r
                0x0800a54c       0x2c e:/gnu/10 2021.10/bin/../lib/gcc/arm-none-eabi/10.3.1/../../../../arm-none-eabi/lib/thumb/v7e-m+fp/hard\libg.a(lib_a-fstatr.o)
                0x0800a54c                _fstat_r
 .text._isatty_r
                0x0800a578       0x24 e:/gnu/10 2021.10/bin/../lib/gcc/arm-none-eabi/10.3.1/../../../../arm-none-eabi/lib/thumb/v7e-m+fp/hard\libg.a(lib_a-isattyr.o)
                0x0800a578                _isatty_r
 .text._lseek_r
                0x0800a59c       0x2c e:/gnu/10 2021.10/bin/../lib/gcc/arm-none-eabi/10.3.1/../../../../arm-none-eabi/lib/thumb/v7e-m+fp/hard\libg.a(lib_a-lseekr.o)
                0x0800a59c                _lseek_r
 .text._read_r  0x0800a5c8       0x2c e:/gnu/10 2021.10/bin/../lib/gcc/arm-none-eabi/10.3.1/../../../../arm-none-eabi/lib/thumb/v7e-m+fp/hard\libg.a(lib_a-readr.o)
                0x0800a5c8                _read_r
 *(.glue_7)
 .glue_7        0x0800a5f4        0x0 linker stubs
 *(.glue_7t)
 .glue_7t       0x0800a5f4        0x0 linker stubs
 *(.eh_frame)
 .eh_frame      0x0800a5f4        0x0 e:/gnu/10 2021.10/bin/../lib/gcc/arm-none-eabi/10.3.1/thumb/v7e-m+fp/hard/crtbegin.o
 *(.init)
 .init          0x0800a5f4        0x4 e:/gnu/10 2021.10/bin/../lib/gcc/arm-none-eabi/10.3.1/thumb/v7e-m+fp/hard/crti.o
                0x0800a5f4                _init
 .init          0x0800a5f8        0x8 e:/gnu/10 2021.10/bin/../lib/gcc/arm-none-eabi/10.3.1/thumb/v7e-m+fp/hard/crtn.o
 *(.fini)
 .fini          0x0800a600        0x4 e:/gnu/10 2021.10/bin/../lib/gcc/arm-none-eabi/10.3.1/thumb/v7e-m+fp/hard/crti.o
                0x0800a600                _fini
 .fini          0x0800a604        0x8 e:/gnu/10 2021.10/bin/../lib/gcc/arm-none-eabi/10.3.1/thumb/v7e-m+fp/hard/crtn.o
                0x0800a60c                . = ALIGN (0x4)
                0x0800a60c                _etext = .

.vfp11_veneer   0x0800a60c        0x0
 .vfp11_veneer  0x0800a60c        0x0 linker stubs

.v4_bx          0x0800a60c        0x0
 .v4_bx         0x0800a60c        0x0 linker stubs

.iplt           0x0800a60c        0x0
 .iplt          0x0800a60c        0x0 e:/gnu/10 2021.10/bin/../lib/gcc/arm-none-eabi/10.3.1/thumb/v7e-m+fp/hard/crtbegin.o

.rodata         0x0800a610      0x490
                0x0800a610                . = ALIGN (0x4)
 *(.rodata)
 .rodata        0x0800a610       0x38 CMakeFiles/car_v2.elf.dir/Core/Src/freertos.c.obj
 *(.rodata*)
 .rodata.WIT_analysis_data.str1.4
                0x0800a648       0x1c CMakeFiles/car_v2.elf.dir/Core/Src/WIT_private_protocol.c.obj
 .rodata.str1.4
                0x0800a664       0x1a CMakeFiles/car_v2.elf.dir/Core/Src/freertos.c.obj
 *fill*         0x0800a67e        0x2 
 .rodata.main.str1.4
                0x0800a680        0x3 CMakeFiles/car_v2.elf.dir/Core/Src/main.c.obj
 *fill*         0x0800a683        0x1 
 .rodata.AHBPrescTable
                0x0800a684       0x10 CMakeFiles/car_v2.elf.dir/Core/Src/system_stm32f4xx.c.obj
                0x0800a684                AHBPrescTable
 .rodata.APBPrescTable
                0x0800a694        0x8 CMakeFiles/car_v2.elf.dir/Core/Src/system_stm32f4xx.c.obj
                0x0800a694                APBPrescTable
 .rodata.vTaskStartScheduler.str1.4
                0x0800a69c        0x5 CMakeFiles/car_v2.elf.dir/Middlewares/Third_Party/FreeRTOS/Source/tasks.c.obj
 *fill*         0x0800a6a1        0x3 
 .rodata._global_impure_ptr
                0x0800a6a4        0x4 e:/gnu/10 2021.10/bin/../lib/gcc/arm-none-eabi/10.3.1/../../../../arm-none-eabi/lib/thumb/v7e-m+fp/hard\libg.a(lib_a-impure.o)
                0x0800a6a4                _global_impure_ptr
 .rodata._svfprintf_r.str1.4
                0x0800a6a8       0x42 e:/gnu/10 2021.10/bin/../lib/gcc/arm-none-eabi/10.3.1/../../../../arm-none-eabi/lib/thumb/v7e-m+fp/hard\libg.a(lib_a-svfprintf.o)
 *fill*         0x0800a6ea        0x2 
 .rodata.blanks.1
                0x0800a6ec       0x10 e:/gnu/10 2021.10/bin/../lib/gcc/arm-none-eabi/10.3.1/../../../../arm-none-eabi/lib/thumb/v7e-m+fp/hard\libg.a(lib_a-svfprintf.o)
 .rodata.zeroes.0
                0x0800a6fc       0x10 e:/gnu/10 2021.10/bin/../lib/gcc/arm-none-eabi/10.3.1/../../../../arm-none-eabi/lib/thumb/v7e-m+fp/hard\libg.a(lib_a-svfprintf.o)
 .rodata._dtoa_r.str1.4
                0x0800a70c       0xa2 e:/gnu/10 2021.10/bin/../lib/gcc/arm-none-eabi/10.3.1/../../../../arm-none-eabi/lib/thumb/v7e-m+fp/hard\libg.a(lib_a-dtoa.o)
                                 0xa6 (size before relaxing)
 *fill*         0x0800a7ae        0x2 
 .rodata.__multadd.str1.4
                0x0800a7b0       0x7f e:/gnu/10 2021.10/bin/../lib/gcc/arm-none-eabi/10.3.1/../../../../arm-none-eabi/lib/thumb/v7e-m+fp/hard\libg.a(lib_a-mprec.o)
                                 0x93 (size before relaxing)
 *fill*         0x0800a82f        0x1 
 .rodata.__mprec_bigtens
                0x0800a830       0x28 e:/gnu/10 2021.10/bin/../lib/gcc/arm-none-eabi/10.3.1/../../../../arm-none-eabi/lib/thumb/v7e-m+fp/hard\libg.a(lib_a-mprec.o)
                0x0800a830                __mprec_bigtens
 .rodata.__mprec_tens
                0x0800a858       0xc8 e:/gnu/10 2021.10/bin/../lib/gcc/arm-none-eabi/10.3.1/../../../../arm-none-eabi/lib/thumb/v7e-m+fp/hard\libg.a(lib_a-mprec.o)
                0x0800a858                __mprec_tens
 .rodata.p05.0  0x0800a920        0xc e:/gnu/10 2021.10/bin/../lib/gcc/arm-none-eabi/10.3.1/../../../../arm-none-eabi/lib/thumb/v7e-m+fp/hard\libg.a(lib_a-mprec.o)
 .rodata.__assert_func.str1.4
                0x0800a92c       0x3f e:/gnu/10 2021.10/bin/../lib/gcc/arm-none-eabi/10.3.1/../../../../arm-none-eabi/lib/thumb/v7e-m+fp/hard\libg.a(lib_a-assert.o)
                                 0x43 (size before relaxing)
 *fill*         0x0800a96b        0x1 
 .rodata._setlocale_r.str1.4
                0x0800a96c        0xa e:/gnu/10 2021.10/bin/../lib/gcc/arm-none-eabi/10.3.1/../../../../arm-none-eabi/lib/thumb/v7e-m+fp/hard\libg.a(lib_a-locale.o)
                                  0xd (size before relaxing)
 *fill*         0x0800a976        0x2 
 .rodata.str1.4
                0x0800a978        0x2 e:/gnu/10 2021.10/bin/../lib/gcc/arm-none-eabi/10.3.1/../../../../arm-none-eabi/lib/thumb/v7e-m+fp/hard\libg.a(lib_a-locale.o)
 .rodata._vfiprintf_r.str1.4
                0x0800a97a       0x2f e:/gnu/10 2021.10/bin/../lib/gcc/arm-none-eabi/10.3.1/../../../../arm-none-eabi/lib/thumb/v7e-m+fp/hard\libg.a(lib_a-vfiprintf.o)
 *fill*         0x0800a97a        0x2 
 .rodata.blanks.1
                0x0800a97c       0x10 e:/gnu/10 2021.10/bin/../lib/gcc/arm-none-eabi/10.3.1/../../../../arm-none-eabi/lib/thumb/v7e-m+fp/hard\libg.a(lib_a-vfiprintf.o)
 .rodata.zeroes.0
                0x0800a98c       0x10 e:/gnu/10 2021.10/bin/../lib/gcc/arm-none-eabi/10.3.1/../../../../arm-none-eabi/lib/thumb/v7e-m+fp/hard\libg.a(lib_a-vfiprintf.o)
 .rodata._ctype_
                0x0800a99c      0x101 e:/gnu/10 2021.10/bin/../lib/gcc/arm-none-eabi/10.3.1/../../../../arm-none-eabi/lib/thumb/v7e-m+fp/hard\libg.a(lib_a-ctype_.o)
                0x0800a99c                _ctype_
                0x0800aaa0                . = ALIGN (0x4)
 *fill*         0x0800aa9d        0x3 

.ARM.extab
 *(.ARM.extab* .gnu.linkonce.armextab.*)

.ARM            0x0800aaa0        0x8
                0x0800aaa0                __exidx_start = .
 *(.ARM.exidx*)
 .ARM.exidx     0x0800aaa0        0x8 e:/gnu/10 2021.10/bin/../lib/gcc/arm-none-eabi/10.3.1/thumb/v7e-m+fp/hard\libgcc.a(_udivmoddi4.o)
                0x0800aaa8                __exidx_end = .

.rel.dyn        0x0800aaa8        0x0
 .rel.iplt      0x0800aaa8        0x0 e:/gnu/10 2021.10/bin/../lib/gcc/arm-none-eabi/10.3.1/thumb/v7e-m+fp/hard/crtbegin.o

.preinit_array  0x0800aaa8        0x0
                0x0800aaa8                PROVIDE (__preinit_array_start = .)
 *(.preinit_array*)
                0x0800aaa8                PROVIDE (__preinit_array_end = .)

.init_array     0x0800aaa8        0x8
                0x0800aaa8                PROVIDE (__init_array_start = .)
 *(SORT_BY_NAME(.init_array.*))
 .init_array.00000
                0x0800aaa8        0x4 e:/gnu/10 2021.10/bin/../lib/gcc/arm-none-eabi/10.3.1/../../../../arm-none-eabi/lib/thumb/v7e-m+fp/hard\libg.a(lib_a-__call_atexit.o)
 *(.init_array*)
 .init_array    0x0800aaac        0x4 e:/gnu/10 2021.10/bin/../lib/gcc/arm-none-eabi/10.3.1/thumb/v7e-m+fp/hard/crtbegin.o
                0x0800aab0                PROVIDE (__init_array_end = .)

.fini_array     0x0800aab0        0x4
                0x0800aab0                PROVIDE (__fini_array_start = .)
 *(SORT_BY_NAME(.fini_array.*))
 *(.fini_array*)
 .fini_array    0x0800aab0        0x4 e:/gnu/10 2021.10/bin/../lib/gcc/arm-none-eabi/10.3.1/thumb/v7e-m+fp/hard/crtbegin.o
                0x0800aab4                PROVIDE (__fini_array_end = .)
                0x0800aab4                _sidata = LOADADDR (.data)

.data           0x20000000      0x9f0 load address 0x0800aab4
                0x20000000                . = ALIGN (0x4)
                0x20000000                _sdata = .
 *(.data)
 *(.data*)
 .data.WIT_ACCCALSW
                0x20000000        0x5 CMakeFiles/car_v2.elf.dir/Core/Src/WIT_private_protocol.c.obj
 *fill*         0x20000005        0x3 
 .data.WIT_save
                0x20000008        0x5 CMakeFiles/car_v2.elf.dir/Core/Src/WIT_private_protocol.c.obj
 *fill*         0x2000000d        0x3 
 .data.WIT_set_algorithm_six_axis
                0x20000010        0x5 CMakeFiles/car_v2.elf.dir/Core/Src/WIT_private_protocol.c.obj
 *fill*         0x20000015        0x3 
 .data.WIT_set_band_width_98Hz
                0x20000018        0x5 CMakeFiles/car_v2.elf.dir/Core/Src/WIT_private_protocol.c.obj
 *fill*         0x2000001d        0x3 
 .data.WIT_set_output_ac_gyro_angle
                0x20000020        0x5 CMakeFiles/car_v2.elf.dir/Core/Src/WIT_private_protocol.c.obj
 *fill*         0x20000025        0x3 
 .data.WIT_unlock
                0x20000028        0x5 CMakeFiles/car_v2.elf.dir/Core/Src/WIT_private_protocol.c.obj
 *fill*         0x2000002d        0x3 
 .data.SystemCoreClock
                0x20000030        0x4 CMakeFiles/car_v2.elf.dir/Core/Src/system_stm32f4xx.c.obj
                0x20000030                SystemCoreClock
 .data.uwTickFreq
                0x20000034        0x1 CMakeFiles/car_v2.elf.dir/Drivers/STM32F4xx_HAL_Driver/Src/stm32f4xx_hal.c.obj
                0x20000034                uwTickFreq
 *fill*         0x20000035        0x3 
 .data.uwTickPrio
                0x20000038        0x4 CMakeFiles/car_v2.elf.dir/Drivers/STM32F4xx_HAL_Driver/Src/stm32f4xx_hal.c.obj
                0x20000038                uwTickPrio
 .data.uxCriticalNesting
                0x2000003c        0x4 CMakeFiles/car_v2.elf.dir/Middlewares/Third_Party/FreeRTOS/Source/portable/GCC/ARM_CM4F/port.c.obj
 .data._impure_ptr
                0x20000040        0x4 e:/gnu/10 2021.10/bin/../lib/gcc/arm-none-eabi/10.3.1/../../../../arm-none-eabi/lib/thumb/v7e-m+fp/hard\libg.a(lib_a-impure.o)
                0x20000040                _impure_ptr
 *fill*         0x20000044        0x4 
 .data.impure_data
                0x20000048      0x428 e:/gnu/10 2021.10/bin/../lib/gcc/arm-none-eabi/10.3.1/../../../../arm-none-eabi/lib/thumb/v7e-m+fp/hard\libg.a(lib_a-impure.o)
 .data.__atexit_recursive_mutex
                0x20000470        0x4 e:/gnu/10 2021.10/bin/../lib/gcc/arm-none-eabi/10.3.1/../../../../arm-none-eabi/lib/thumb/v7e-m+fp/hard\libg.a(lib_a-__call_atexit.o)
                0x20000470                __atexit_recursive_mutex
 .data.__malloc_av_
                0x20000474      0x408 e:/gnu/10 2021.10/bin/../lib/gcc/arm-none-eabi/10.3.1/../../../../arm-none-eabi/lib/thumb/v7e-m+fp/hard\libg.a(lib_a-mallocr.o)
                0x20000474                __malloc_av_
 .data.__malloc_sbrk_base
                0x2000087c        0x4 e:/gnu/10 2021.10/bin/../lib/gcc/arm-none-eabi/10.3.1/../../../../arm-none-eabi/lib/thumb/v7e-m+fp/hard\libg.a(lib_a-mallocr.o)
                0x2000087c                __malloc_sbrk_base
 .data.__malloc_trim_threshold
                0x20000880        0x4 e:/gnu/10 2021.10/bin/../lib/gcc/arm-none-eabi/10.3.1/../../../../arm-none-eabi/lib/thumb/v7e-m+fp/hard\libg.a(lib_a-mallocr.o)
                0x20000880                __malloc_trim_threshold
 .data.__global_locale
                0x20000884      0x16c e:/gnu/10 2021.10/bin/../lib/gcc/arm-none-eabi/10.3.1/../../../../arm-none-eabi/lib/thumb/v7e-m+fp/hard\libg.a(lib_a-locale.o)
                0x20000884                __global_locale
                0x200009f0                . = ALIGN (0x4)
                0x200009f0                _edata = .
                0x0800b4a4                _siccmram = LOADADDR (.ccmram)

.igot.plt       0x200009f0        0x0 load address 0x0800b4a4
 .igot.plt      0x200009f0        0x0 e:/gnu/10 2021.10/bin/../lib/gcc/arm-none-eabi/10.3.1/thumb/v7e-m+fp/hard/crtbegin.o

.ccmram         0x10000000        0x0 load address 0x0800b4a4
                0x10000000                . = ALIGN (0x4)
                0x10000000                _sccmram = .
 *(.ccmram)
 *(.ccmram*)
                0x10000000                . = ALIGN (0x4)
                0x10000000                _eccmram = .
                0x10000000                . = ALIGN (0x4)

.bss            0x200009f0     0x4454
                0x200009f0                _sbss = .
                0x200009f0                __bss_start__ = _sbss
 *(.bss)
 .bss           0x200009f0       0x1c e:/gnu/10 2021.10/bin/../lib/gcc/arm-none-eabi/10.3.1/thumb/v7e-m+fp/hard/crtbegin.o
 *(.bss*)
 .bss.WIT_sensor
                0x20000a0c       0x24 CMakeFiles/car_v2.elf.dir/Core/Src/WIT_private_protocol.c.obj
                0x20000a0c                WIT_sensor
 .bss.hall_left
                0x20000a30       0x1c CMakeFiles/car_v2.elf.dir/Core/Src/encoder.c.obj
                0x20000a30                hall_left
 .bss.hall_right
                0x20000a4c       0x1c CMakeFiles/car_v2.elf.dir/Core/Src/encoder.c.obj
                0x20000a4c                hall_right
 .bss.defaultTaskHandle
                0x20000a68        0x4 CMakeFiles/car_v2.elf.dir/Core/Src/freertos.c.obj
                0x20000a68                defaultTaskHandle
 .bss.encoder_debugHandle
                0x20000a6c        0x4 CMakeFiles/car_v2.elf.dir/Core/Src/freertos.c.obj
                0x20000a6c                encoder_debugHandle
 .bss.xIdleStack
                0x20000a70      0x200 CMakeFiles/car_v2.elf.dir/Core/Src/freertos.c.obj
 .bss.xIdleTaskTCBBuffer
                0x20000c70       0x54 CMakeFiles/car_v2.elf.dir/Core/Src/freertos.c.obj
 .bss.car       0x20000cc4        0xc CMakeFiles/car_v2.elf.dir/Core/Src/sensor.c.obj
                0x20000cc4                car
 .bss.htim1     0x20000cd0       0x40 CMakeFiles/car_v2.elf.dir/Core/Src/stm32f4xx_hal_timebase_tim.c.obj
                0x20000cd0                htim1
 .bss.heap_end.0
                0x20000d10        0x4 CMakeFiles/car_v2.elf.dir/Core/Src/syscalls.c.obj
 .bss.htim10    0x20000d14       0x40 CMakeFiles/car_v2.elf.dir/Core/Src/tim.c.obj
                0x20000d14                htim10
 .bss.htim11    0x20000d54       0x40 CMakeFiles/car_v2.elf.dir/Core/Src/tim.c.obj
                0x20000d54                htim11
 .bss.htim3     0x20000d94       0x40 CMakeFiles/car_v2.elf.dir/Core/Src/tim.c.obj
                0x20000d94                htim3
 .bss.htim4     0x20000dd4       0x40 CMakeFiles/car_v2.elf.dir/Core/Src/tim.c.obj
                0x20000dd4                htim4
 .bss.huart1    0x20000e14       0x40 CMakeFiles/car_v2.elf.dir/Core/Src/usart.c.obj
                0x20000e14                huart1
 .bss.huart2    0x20000e54       0x40 CMakeFiles/car_v2.elf.dir/Core/Src/usart.c.obj
                0x20000e54                huart2
 .bss.self_USART1
                0x20000e94      0x10c CMakeFiles/car_v2.elf.dir/Core/Src/usart_safe.c.obj
                0x20000e94                self_USART1
 .bss.self_USART2
                0x20000fa0      0x10c CMakeFiles/car_v2.elf.dir/Core/Src/usart_safe.c.obj
                0x20000fa0                self_USART2
 .bss.uwTick    0x200010ac        0x4 CMakeFiles/car_v2.elf.dir/Drivers/STM32F4xx_HAL_Driver/Src/stm32f4xx_hal.c.obj
                0x200010ac                uwTick
 .bss.ucMaxSysCallPriority
                0x200010b0        0x1 CMakeFiles/car_v2.elf.dir/Middlewares/Third_Party/FreeRTOS/Source/portable/GCC/ARM_CM4F/port.c.obj
 *fill*         0x200010b1        0x3 
 .bss.ulMaxPRIGROUPValue
                0x200010b4        0x4 CMakeFiles/car_v2.elf.dir/Middlewares/Third_Party/FreeRTOS/Source/portable/GCC/ARM_CM4F/port.c.obj
 .bss.pxEnd     0x200010b8        0x4 CMakeFiles/car_v2.elf.dir/Middlewares/Third_Party/FreeRTOS/Source/portable/MemMang/heap_4.c.obj
 .bss.ucHeap    0x200010bc     0x3c00 CMakeFiles/car_v2.elf.dir/Middlewares/Third_Party/FreeRTOS/Source/portable/MemMang/heap_4.c.obj
 .bss.xBlockAllocatedBit
                0x20004cbc        0x4 CMakeFiles/car_v2.elf.dir/Middlewares/Third_Party/FreeRTOS/Source/portable/MemMang/heap_4.c.obj
 .bss.xFreeBytesRemaining
                0x20004cc0        0x4 CMakeFiles/car_v2.elf.dir/Middlewares/Third_Party/FreeRTOS/Source/portable/MemMang/heap_4.c.obj
 .bss.xMinimumEverFreeBytesRemaining
                0x20004cc4        0x4 CMakeFiles/car_v2.elf.dir/Middlewares/Third_Party/FreeRTOS/Source/portable/MemMang/heap_4.c.obj
 .bss.xStart    0x20004cc8        0x8 CMakeFiles/car_v2.elf.dir/Middlewares/Third_Party/FreeRTOS/Source/portable/MemMang/heap_4.c.obj
 .bss.pxCurrentTCB
                0x20004cd0        0x4 CMakeFiles/car_v2.elf.dir/Middlewares/Third_Party/FreeRTOS/Source/tasks.c.obj
                0x20004cd0                pxCurrentTCB
 .bss.pxDelayedTaskList
                0x20004cd4        0x4 CMakeFiles/car_v2.elf.dir/Middlewares/Third_Party/FreeRTOS/Source/tasks.c.obj
 .bss.pxOverflowDelayedTaskList
                0x20004cd8        0x4 CMakeFiles/car_v2.elf.dir/Middlewares/Third_Party/FreeRTOS/Source/tasks.c.obj
 .bss.pxReadyTasksLists
                0x20004cdc       0x8c CMakeFiles/car_v2.elf.dir/Middlewares/Third_Party/FreeRTOS/Source/tasks.c.obj
 .bss.uxCurrentNumberOfTasks
                0x20004d68        0x4 CMakeFiles/car_v2.elf.dir/Middlewares/Third_Party/FreeRTOS/Source/tasks.c.obj
 .bss.uxDeletedTasksWaitingCleanUp
                0x20004d6c        0x4 CMakeFiles/car_v2.elf.dir/Middlewares/Third_Party/FreeRTOS/Source/tasks.c.obj
 .bss.uxPendedTicks
                0x20004d70        0x4 CMakeFiles/car_v2.elf.dir/Middlewares/Third_Party/FreeRTOS/Source/tasks.c.obj
 .bss.uxSchedulerSuspended
                0x20004d74        0x4 CMakeFiles/car_v2.elf.dir/Middlewares/Third_Party/FreeRTOS/Source/tasks.c.obj
 .bss.uxTaskNumber
                0x20004d78        0x4 CMakeFiles/car_v2.elf.dir/Middlewares/Third_Party/FreeRTOS/Source/tasks.c.obj
 .bss.uxTopReadyPriority
                0x20004d7c        0x4 CMakeFiles/car_v2.elf.dir/Middlewares/Third_Party/FreeRTOS/Source/tasks.c.obj
 .bss.xDelayedTaskList1
                0x20004d80       0x14 CMakeFiles/car_v2.elf.dir/Middlewares/Third_Party/FreeRTOS/Source/tasks.c.obj
 .bss.xDelayedTaskList2
                0x20004d94       0x14 CMakeFiles/car_v2.elf.dir/Middlewares/Third_Party/FreeRTOS/Source/tasks.c.obj
 .bss.xIdleTaskHandle
                0x20004da8        0x4 CMakeFiles/car_v2.elf.dir/Middlewares/Third_Party/FreeRTOS/Source/tasks.c.obj
 .bss.xNextTaskUnblockTime
                0x20004dac        0x4 CMakeFiles/car_v2.elf.dir/Middlewares/Third_Party/FreeRTOS/Source/tasks.c.obj
 .bss.xNumOfOverflows
                0x20004db0        0x4 CMakeFiles/car_v2.elf.dir/Middlewares/Third_Party/FreeRTOS/Source/tasks.c.obj
 .bss.xPendingReadyList
                0x20004db4       0x14 CMakeFiles/car_v2.elf.dir/Middlewares/Third_Party/FreeRTOS/Source/tasks.c.obj
 .bss.xSchedulerRunning
                0x20004dc8        0x4 CMakeFiles/car_v2.elf.dir/Middlewares/Third_Party/FreeRTOS/Source/tasks.c.obj
 .bss.xSuspendedTaskList
                0x20004dcc       0x14 CMakeFiles/car_v2.elf.dir/Middlewares/Third_Party/FreeRTOS/Source/tasks.c.obj
 .bss.xTasksWaitingTermination
                0x20004de0       0x14 CMakeFiles/car_v2.elf.dir/Middlewares/Third_Party/FreeRTOS/Source/tasks.c.obj
 .bss.xTickCount
                0x20004df4        0x4 CMakeFiles/car_v2.elf.dir/Middlewares/Third_Party/FreeRTOS/Source/tasks.c.obj
 .bss.xYieldPending
                0x20004df8        0x4 CMakeFiles/car_v2.elf.dir/Middlewares/Third_Party/FreeRTOS/Source/tasks.c.obj
 .bss.__lock___atexit_recursive_mutex
                0x20004dfc        0x1 e:/gnu/10 2021.10/bin/../lib/gcc/arm-none-eabi/10.3.1/../../../../arm-none-eabi/lib/thumb/v7e-m+fp/hard\libg.a(lib_a-lock.o)
                0x20004dfc                __lock___atexit_recursive_mutex
 *fill*         0x20004dfd        0x3 
 .bss.__lock___malloc_recursive_mutex
                0x20004e00        0x1 e:/gnu/10 2021.10/bin/../lib/gcc/arm-none-eabi/10.3.1/../../../../arm-none-eabi/lib/thumb/v7e-m+fp/hard\libg.a(lib_a-lock.o)
                0x20004e00                __lock___malloc_recursive_mutex
 *fill*         0x20004e01        0x3 
 .bss.__lock___sfp_recursive_mutex
                0x20004e04        0x1 e:/gnu/10 2021.10/bin/../lib/gcc/arm-none-eabi/10.3.1/../../../../arm-none-eabi/lib/thumb/v7e-m+fp/hard\libg.a(lib_a-lock.o)
                0x20004e04                __lock___sfp_recursive_mutex
 *fill*         0x20004e05        0x3 
 .bss.__lock___sinit_recursive_mutex
                0x20004e08        0x1 e:/gnu/10 2021.10/bin/../lib/gcc/arm-none-eabi/10.3.1/../../../../arm-none-eabi/lib/thumb/v7e-m+fp/hard\libg.a(lib_a-lock.o)
                0x20004e08                __lock___sinit_recursive_mutex
 *fill*         0x20004e09        0x3 
 .bss.__malloc_current_mallinfo
                0x20004e0c       0x28 e:/gnu/10 2021.10/bin/../lib/gcc/arm-none-eabi/10.3.1/../../../../arm-none-eabi/lib/thumb/v7e-m+fp/hard\libg.a(lib_a-mallocr.o)
                0x20004e0c                __malloc_current_mallinfo
 .bss.__malloc_max_sbrked_mem
                0x20004e34        0x4 e:/gnu/10 2021.10/bin/../lib/gcc/arm-none-eabi/10.3.1/../../../../arm-none-eabi/lib/thumb/v7e-m+fp/hard\libg.a(lib_a-mallocr.o)
                0x20004e34                __malloc_max_sbrked_mem
 .bss.__malloc_max_total_mem
                0x20004e38        0x4 e:/gnu/10 2021.10/bin/../lib/gcc/arm-none-eabi/10.3.1/../../../../arm-none-eabi/lib/thumb/v7e-m+fp/hard\libg.a(lib_a-mallocr.o)
                0x20004e38                __malloc_max_total_mem
 .bss.__malloc_top_pad
                0x20004e3c        0x4 e:/gnu/10 2021.10/bin/../lib/gcc/arm-none-eabi/10.3.1/../../../../arm-none-eabi/lib/thumb/v7e-m+fp/hard\libg.a(lib_a-mallocr.o)
                0x20004e3c                __malloc_top_pad
 .bss.errno     0x20004e40        0x4 e:/gnu/10 2021.10/bin/../lib/gcc/arm-none-eabi/10.3.1/../../../../arm-none-eabi/lib/thumb/v7e-m+fp/hard\libg.a(lib_a-reent.o)
                0x20004e40                errno
 *(COMMON)
                0x20004e44                . = ALIGN (0x4)
                0x20004e44                _ebss = .
                0x20004e44                __bss_end__ = _ebss

._user_heap_stack
                0x20004e44      0x604
                0x20004e48                . = ALIGN (0x8)
 *fill*         0x20004e44        0x4 
                0x20004e48                PROVIDE (end = .)
                [!provide]                PROVIDE (_end = .)
                0x20005048                . = (. + _Min_Heap_Size)
 *fill*         0x20004e48      0x200 
                0x20005448                . = (. + _Min_Stack_Size)
 *fill*         0x20005048      0x400 
                0x20005448                . = ALIGN (0x8)

/DISCARD/
 libc.a(*)
 libm.a(*)
 libgcc.a(*)

.ARM.attributes
                0x00000000       0x30
 *(.ARM.attributes)
 .ARM.attributes
                0x00000000       0x1e e:/gnu/10 2021.10/bin/../lib/gcc/arm-none-eabi/10.3.1/thumb/v7e-m+fp/hard/crti.o
 .ARM.attributes
                0x0000001e       0x34 e:/gnu/10 2021.10/bin/../lib/gcc/arm-none-eabi/10.3.1/thumb/v7e-m+fp/hard/crtbegin.o
 .ARM.attributes
                0x00000052       0x34 CMakeFiles/car_v2.elf.dir/Core/Src/WIT_private_protocol.c.obj
 .ARM.attributes
                0x00000086       0x34 CMakeFiles/car_v2.elf.dir/Core/Src/encoder.c.obj
 .ARM.attributes
                0x000000ba       0x34 CMakeFiles/car_v2.elf.dir/Core/Src/freertos.c.obj
 .ARM.attributes
                0x000000ee       0x34 CMakeFiles/car_v2.elf.dir/Core/Src/gpio.c.obj
 .ARM.attributes
                0x00000122       0x34 CMakeFiles/car_v2.elf.dir/Core/Src/main.c.obj
 .ARM.attributes
                0x00000156       0x34 CMakeFiles/car_v2.elf.dir/Core/Src/sensor.c.obj
 .ARM.attributes
                0x0000018a       0x34 CMakeFiles/car_v2.elf.dir/Core/Src/stm32f4xx_hal_msp.c.obj
 .ARM.attributes
                0x000001be       0x34 CMakeFiles/car_v2.elf.dir/Core/Src/stm32f4xx_hal_timebase_tim.c.obj
 .ARM.attributes
                0x000001f2       0x34 CMakeFiles/car_v2.elf.dir/Core/Src/stm32f4xx_it.c.obj
 .ARM.attributes
                0x00000226       0x34 CMakeFiles/car_v2.elf.dir/Core/Src/syscalls.c.obj
 .ARM.attributes
                0x0000025a       0x34 CMakeFiles/car_v2.elf.dir/Core/Src/system_stm32f4xx.c.obj
 .ARM.attributes
                0x0000028e       0x34 CMakeFiles/car_v2.elf.dir/Core/Src/tim.c.obj
 .ARM.attributes
                0x000002c2       0x34 CMakeFiles/car_v2.elf.dir/Core/Src/usart.c.obj
 .ARM.attributes
                0x000002f6       0x34 CMakeFiles/car_v2.elf.dir/Core/Src/usart_safe.c.obj
 .ARM.attributes
                0x0000032a       0x34 CMakeFiles/car_v2.elf.dir/Drivers/STM32F4xx_HAL_Driver/Src/stm32f4xx_hal.c.obj
 .ARM.attributes
                0x0000035e       0x34 CMakeFiles/car_v2.elf.dir/Drivers/STM32F4xx_HAL_Driver/Src/stm32f4xx_hal_cortex.c.obj
 .ARM.attributes
                0x00000392       0x34 CMakeFiles/car_v2.elf.dir/Drivers/STM32F4xx_HAL_Driver/Src/stm32f4xx_hal_dma.c.obj
 .ARM.attributes
                0x000003c6       0x34 CMakeFiles/car_v2.elf.dir/Drivers/STM32F4xx_HAL_Driver/Src/stm32f4xx_hal_gpio.c.obj
 .ARM.attributes
                0x000003fa       0x34 CMakeFiles/car_v2.elf.dir/Drivers/STM32F4xx_HAL_Driver/Src/stm32f4xx_hal_rcc.c.obj
 .ARM.attributes
                0x0000042e       0x34 CMakeFiles/car_v2.elf.dir/Drivers/STM32F4xx_HAL_Driver/Src/stm32f4xx_hal_tim.c.obj
 .ARM.attributes
                0x00000462       0x34 CMakeFiles/car_v2.elf.dir/Drivers/STM32F4xx_HAL_Driver/Src/stm32f4xx_hal_tim_ex.c.obj
 .ARM.attributes
                0x00000496       0x34 CMakeFiles/car_v2.elf.dir/Drivers/STM32F4xx_HAL_Driver/Src/stm32f4xx_hal_uart.c.obj
 .ARM.attributes
                0x000004ca       0x34 CMakeFiles/car_v2.elf.dir/Middlewares/Third_Party/FreeRTOS/Source/CMSIS_RTOS/cmsis_os.c.obj
 .ARM.attributes
                0x000004fe       0x34 CMakeFiles/car_v2.elf.dir/Middlewares/Third_Party/FreeRTOS/Source/list.c.obj
 .ARM.attributes
                0x00000532       0x34 CMakeFiles/car_v2.elf.dir/Middlewares/Third_Party/FreeRTOS/Source/portable/GCC/ARM_CM4F/port.c.obj
 .ARM.attributes
                0x00000566       0x34 CMakeFiles/car_v2.elf.dir/Middlewares/Third_Party/FreeRTOS/Source/portable/MemMang/heap_4.c.obj
 .ARM.attributes
                0x0000059a       0x34 CMakeFiles/car_v2.elf.dir/Middlewares/Third_Party/FreeRTOS/Source/tasks.c.obj
 .ARM.attributes
                0x000005ce       0x21 CMakeFiles/car_v2.elf.dir/startup/startup_stm32f407xx.s.obj
 .ARM.attributes
                0x000005ef       0x1e e:/gnu/10 2021.10/bin/../lib/gcc/arm-none-eabi/10.3.1/thumb/v7e-m+fp/hard\libgcc.a(_arm_addsubdf3.o)
 .ARM.attributes
                0x0000060d       0x1e e:/gnu/10 2021.10/bin/../lib/gcc/arm-none-eabi/10.3.1/thumb/v7e-m+fp/hard\libgcc.a(_arm_truncdfsf2.o)
 .ARM.attributes
                0x0000062b       0x1e e:/gnu/10 2021.10/bin/../lib/gcc/arm-none-eabi/10.3.1/thumb/v7e-m+fp/hard\libgcc.a(_aeabi_uldivmod.o)
 .ARM.attributes
                0x00000649       0x34 e:/gnu/10 2021.10/bin/../lib/gcc/arm-none-eabi/10.3.1/thumb/v7e-m+fp/hard\libgcc.a(_udivmoddi4.o)
 .ARM.attributes
                0x0000067d       0x1e e:/gnu/10 2021.10/bin/../lib/gcc/arm-none-eabi/10.3.1/thumb/v7e-m+fp/hard\libgcc.a(_dvmd_tls.o)
 .ARM.attributes
                0x0000069b       0x34 e:/gnu/10 2021.10/bin/../lib/gcc/arm-none-eabi/10.3.1/../../../../arm-none-eabi/lib/thumb/v7e-m+fp/hard\libg.a(lib_a-errno.o)
 .ARM.attributes
                0x000006cf       0x34 e:/gnu/10 2021.10/bin/../lib/gcc/arm-none-eabi/10.3.1/../../../../arm-none-eabi/lib/thumb/v7e-m+fp/hard\libg.a(lib_a-impure.o)
 .ARM.attributes
                0x00000703       0x34 e:/gnu/10 2021.10/bin/../lib/gcc/arm-none-eabi/10.3.1/../../../../arm-none-eabi/lib/thumb/v7e-m+fp/hard\libg.a(lib_a-init.o)
 .ARM.attributes
                0x00000737       0x1c e:/gnu/10 2021.10/bin/../lib/gcc/arm-none-eabi/10.3.1/../../../../arm-none-eabi/lib/thumb/v7e-m+fp/hard\libg.a(lib_a-memcpy.o)
 .ARM.attributes
                0x00000753       0x34 e:/gnu/10 2021.10/bin/../lib/gcc/arm-none-eabi/10.3.1/../../../../arm-none-eabi/lib/thumb/v7e-m+fp/hard\libg.a(lib_a-memset.o)
 .ARM.attributes
                0x00000787       0x1c e:/gnu/10 2021.10/bin/../lib/gcc/arm-none-eabi/10.3.1/../../../../arm-none-eabi/lib/thumb/v7e-m+fp/hard\libg.a(lib_a-strlen.o)
 .ARM.attributes
                0x000007a3       0x34 e:/gnu/10 2021.10/bin/../lib/gcc/arm-none-eabi/10.3.1/../../../../arm-none-eabi/lib/thumb/v7e-m+fp/hard\libg.a(lib_a-vsprintf.o)
 .ARM.attributes
                0x000007d7       0x34 e:/gnu/10 2021.10/bin/../lib/gcc/arm-none-eabi/10.3.1/../../../../arm-none-eabi/lib/thumb/v7e-m+fp/hard\libg.a(lib_a-__call_atexit.o)
 .ARM.attributes
                0x0000080b       0x34 e:/gnu/10 2021.10/bin/../lib/gcc/arm-none-eabi/10.3.1/../../../../arm-none-eabi/lib/thumb/v7e-m+fp/hard\libg.a(lib_a-atexit.o)
 .ARM.attributes
                0x0000083f       0x34 e:/gnu/10 2021.10/bin/../lib/gcc/arm-none-eabi/10.3.1/../../../../arm-none-eabi/lib/thumb/v7e-m+fp/hard\libg.a(lib_a-fini.o)
 .ARM.attributes
                0x00000873       0x34 e:/gnu/10 2021.10/bin/../lib/gcc/arm-none-eabi/10.3.1/../../../../arm-none-eabi/lib/thumb/v7e-m+fp/hard\libg.a(lib_a-lock.o)
 .ARM.attributes
                0x000008a7       0x34 e:/gnu/10 2021.10/bin/../lib/gcc/arm-none-eabi/10.3.1/../../../../arm-none-eabi/lib/thumb/v7e-m+fp/hard\libg.a(lib_a-svfprintf.o)
 .ARM.attributes
                0x000008db       0x34 e:/gnu/10 2021.10/bin/../lib/gcc/arm-none-eabi/10.3.1/../../../../arm-none-eabi/lib/thumb/v7e-m+fp/hard\libg.a(lib_a-__atexit.o)
 .ARM.attributes
                0x0000090f       0x34 e:/gnu/10 2021.10/bin/../lib/gcc/arm-none-eabi/10.3.1/../../../../arm-none-eabi/lib/thumb/v7e-m+fp/hard\libg.a(lib_a-dtoa.o)
 .ARM.attributes
                0x00000943       0x34 e:/gnu/10 2021.10/bin/../lib/gcc/arm-none-eabi/10.3.1/../../../../arm-none-eabi/lib/thumb/v7e-m+fp/hard\libg.a(lib_a-freer.o)
 .ARM.attributes
                0x00000977       0x34 e:/gnu/10 2021.10/bin/../lib/gcc/arm-none-eabi/10.3.1/../../../../arm-none-eabi/lib/thumb/v7e-m+fp/hard\libg.a(lib_a-localeconv.o)
 .ARM.attributes
                0x000009ab       0x34 e:/gnu/10 2021.10/bin/../lib/gcc/arm-none-eabi/10.3.1/../../../../arm-none-eabi/lib/thumb/v7e-m+fp/hard\libg.a(lib_a-mallocr.o)
 .ARM.attributes
                0x000009df       0x1c e:/gnu/10 2021.10/bin/../lib/gcc/arm-none-eabi/10.3.1/../../../../arm-none-eabi/lib/thumb/v7e-m+fp/hard\libg.a(lib_a-memchr.o)
 .ARM.attributes
                0x000009fb       0x34 e:/gnu/10 2021.10/bin/../lib/gcc/arm-none-eabi/10.3.1/../../../../arm-none-eabi/lib/thumb/v7e-m+fp/hard\libg.a(lib_a-mlock.o)
 .ARM.attributes
                0x00000a2f       0x34 e:/gnu/10 2021.10/bin/../lib/gcc/arm-none-eabi/10.3.1/../../../../arm-none-eabi/lib/thumb/v7e-m+fp/hard\libg.a(lib_a-mprec.o)
 .ARM.attributes
                0x00000a63       0x34 e:/gnu/10 2021.10/bin/../lib/gcc/arm-none-eabi/10.3.1/../../../../arm-none-eabi/lib/thumb/v7e-m+fp/hard\libg.a(lib_a-s_frexp.o)
 .ARM.attributes
                0x00000a97       0x34 e:/gnu/10 2021.10/bin/../lib/gcc/arm-none-eabi/10.3.1/../../../../arm-none-eabi/lib/thumb/v7e-m+fp/hard\libg.a(lib_a-sbrkr.o)
 .ARM.attributes
                0x00000acb       0x34 e:/gnu/10 2021.10/bin/../lib/gcc/arm-none-eabi/10.3.1/../../../../arm-none-eabi/lib/thumb/v7e-m+fp/hard\libg.a(lib_a-strncpy.o)
 .ARM.attributes
                0x00000aff       0x34 e:/gnu/10 2021.10/bin/../lib/gcc/arm-none-eabi/10.3.1/../../../../arm-none-eabi/lib/thumb/v7e-m+fp/hard\libg.a(lib_a-svfiprintf.o)
 .ARM.attributes
                0x00000b33       0x34 e:/gnu/10 2021.10/bin/../lib/gcc/arm-none-eabi/10.3.1/../../../../arm-none-eabi/lib/thumb/v7e-m+fp/hard\libg.a(lib_a-assert.o)
 .ARM.attributes
                0x00000b67       0x34 e:/gnu/10 2021.10/bin/../lib/gcc/arm-none-eabi/10.3.1/../../../../arm-none-eabi/lib/thumb/v7e-m+fp/hard\libg.a(lib_a-callocr.o)
 .ARM.attributes
                0x00000b9b       0x34 e:/gnu/10 2021.10/bin/../lib/gcc/arm-none-eabi/10.3.1/../../../../arm-none-eabi/lib/thumb/v7e-m+fp/hard\libg.a(lib_a-fiprintf.o)
 .ARM.attributes
                0x00000bcf       0x34 e:/gnu/10 2021.10/bin/../lib/gcc/arm-none-eabi/10.3.1/../../../../arm-none-eabi/lib/thumb/v7e-m+fp/hard\libg.a(lib_a-locale.o)
 .ARM.attributes
                0x00000c03       0x34 e:/gnu/10 2021.10/bin/../lib/gcc/arm-none-eabi/10.3.1/../../../../arm-none-eabi/lib/thumb/v7e-m+fp/hard\libg.a(lib_a-mbtowc_r.o)
 .ARM.attributes
                0x00000c37       0x34 e:/gnu/10 2021.10/bin/../lib/gcc/arm-none-eabi/10.3.1/../../../../arm-none-eabi/lib/thumb/v7e-m+fp/hard\libg.a(lib_a-memmove.o)
 .ARM.attributes
                0x00000c6b       0x34 e:/gnu/10 2021.10/bin/../lib/gcc/arm-none-eabi/10.3.1/../../../../arm-none-eabi/lib/thumb/v7e-m+fp/hard\libg.a(lib_a-reallocr.o)
 .ARM.attributes
                0x00000c9f       0x34 e:/gnu/10 2021.10/bin/../lib/gcc/arm-none-eabi/10.3.1/../../../../arm-none-eabi/lib/thumb/v7e-m+fp/hard\libg.a(lib_a-reent.o)
 .ARM.attributes
                0x00000cd3       0x34 e:/gnu/10 2021.10/bin/../lib/gcc/arm-none-eabi/10.3.1/../../../../arm-none-eabi/lib/thumb/v7e-m+fp/hard\libg.a(lib_a-vfiprintf.o)
 .ARM.attributes
                0x00000d07       0x34 e:/gnu/10 2021.10/bin/../lib/gcc/arm-none-eabi/10.3.1/../../../../arm-none-eabi/lib/thumb/v7e-m+fp/hard\libg.a(lib_a-wctomb_r.o)
 .ARM.attributes
                0x00000d3b       0x34 e:/gnu/10 2021.10/bin/../lib/gcc/arm-none-eabi/10.3.1/../../../../arm-none-eabi/lib/thumb/v7e-m+fp/hard\libg.a(lib_a-wsetup.o)
 .ARM.attributes
                0x00000d6f       0x34 e:/gnu/10 2021.10/bin/../lib/gcc/arm-none-eabi/10.3.1/../../../../arm-none-eabi/lib/thumb/v7e-m+fp/hard\libg.a(lib_a-abort.o)
 .ARM.attributes
                0x00000da3       0x34 e:/gnu/10 2021.10/bin/../lib/gcc/arm-none-eabi/10.3.1/../../../../arm-none-eabi/lib/thumb/v7e-m+fp/hard\libg.a(lib_a-ctype_.o)
 .ARM.attributes
                0x00000dd7       0x34 e:/gnu/10 2021.10/bin/../lib/gcc/arm-none-eabi/10.3.1/../../../../arm-none-eabi/lib/thumb/v7e-m+fp/hard\libg.a(lib_a-fflush.o)
 .ARM.attributes
                0x00000e0b       0x34 e:/gnu/10 2021.10/bin/../lib/gcc/arm-none-eabi/10.3.1/../../../../arm-none-eabi/lib/thumb/v7e-m+fp/hard\libg.a(lib_a-findfp.o)
 .ARM.attributes
                0x00000e3f       0x34 e:/gnu/10 2021.10/bin/../lib/gcc/arm-none-eabi/10.3.1/../../../../arm-none-eabi/lib/thumb/v7e-m+fp/hard\libg.a(lib_a-fputwc.o)
 .ARM.attributes
                0x00000e73       0x34 e:/gnu/10 2021.10/bin/../lib/gcc/arm-none-eabi/10.3.1/../../../../arm-none-eabi/lib/thumb/v7e-m+fp/hard\libg.a(lib_a-fvwrite.o)
 .ARM.attributes
                0x00000ea7       0x34 e:/gnu/10 2021.10/bin/../lib/gcc/arm-none-eabi/10.3.1/../../../../arm-none-eabi/lib/thumb/v7e-m+fp/hard\libg.a(lib_a-fwalk.o)
 .ARM.attributes